Component: ARM Compiler 5.06 update 6 (build 750) Tool: armlink [4d35ed]

==============================================================================

Section Cross References

    system_stm32f3xx.o(i.SystemCoreClockUpdate) refers to system_stm32f3xx.o(.data) for .data
    system_stm32f3xx.o(i.SystemCoreClockUpdate) refers to system_stm32f3xx.o(.constdata) for .constdata
    stm32f3xx_hal_pwr_ex.o(i.HAL_PWR_PVD_IRQHandler) refers to stm32f3xx_hal_pwr_ex.o(i.HAL_PWR_PVDCallback) for HAL_PWR_PVDCallback
    stm32f3xx_hal_cortex.o(i.HAL_NVIC_SetPriority) refers to stm32f3xx_hal_cortex.o(i.NVIC_SetPriority) for NVIC_SetPriority
    stm32f3xx_hal_cortex.o(i.HAL_SYSTICK_Config) refers to stm32f3xx_hal_cortex.o(i.NVIC_SetPriority) for NVIC_SetPriority
    stm32f3xx_hal_cortex.o(i.HAL_SYSTICK_IRQHandler) refers to stm32f3xx_hal_cortex.o(i.HAL_SYSTICK_Callback) for HAL_SYSTICK_Callback
    stm32f3xx_hal_rcc_ex.o(i.HAL_RCCEx_GetPeriphCLKFreq) refers to memcpya.o(.text) for __aeabi_memcpy4
    stm32f3xx_hal_rcc_ex.o(i.HAL_RCCEx_GetPeriphCLKFreq) refers to stm32f3xx_hal_rcc_ex.o(i.RCC_GetPLLCLKFreq) for RCC_GetPLLCLKFreq
    stm32f3xx_hal_rcc_ex.o(i.HAL_RCCEx_GetPeriphCLKFreq) refers to stm32f3xx_hal_rcc.o(i.HAL_RCC_GetPCLK2Freq) for HAL_RCC_GetPCLK2Freq
    stm32f3xx_hal_rcc_ex.o(i.HAL_RCCEx_GetPeriphCLKFreq) refers to stm32f3xx_hal_rcc.o(i.HAL_RCC_GetSysClockFreq) for HAL_RCC_GetSysClockFreq
    stm32f3xx_hal_rcc_ex.o(i.HAL_RCCEx_GetPeriphCLKFreq) refers to stm32f3xx_hal_rcc.o(i.HAL_RCC_GetPCLK1Freq) for HAL_RCC_GetPCLK1Freq
    stm32f3xx_hal_rcc_ex.o(i.HAL_RCCEx_GetPeriphCLKFreq) refers to stm32f3xx_hal_rcc_ex.o(.constdata) for .constdata
    stm32f3xx_hal_rcc_ex.o(i.HAL_RCCEx_GetPeriphCLKFreq) refers to system_stm32f3xx.o(.data) for SystemCoreClock
    stm32f3xx_hal_rcc_ex.o(i.HAL_RCCEx_PeriphCLKConfig) refers to stm32f3xx_hal.o(i.HAL_GetTick) for HAL_GetTick
    stm32f3xx_hal_flash_ex.o(i.FLASH_MassErase) refers to stm32f3xx_hal_flash.o(.bss) for pFlash
    stm32f3xx_hal_flash_ex.o(i.FLASH_OB_DisableWRP) refers to stm32f3xx_hal_flash.o(i.FLASH_WaitForLastOperation) for FLASH_WaitForLastOperation
    stm32f3xx_hal_flash_ex.o(i.FLASH_OB_DisableWRP) refers to stm32f3xx_hal_flash_ex.o(i.HAL_FLASHEx_OBErase) for HAL_FLASHEx_OBErase
    stm32f3xx_hal_flash_ex.o(i.FLASH_OB_DisableWRP) refers to stm32f3xx_hal_flash.o(.bss) for pFlash
    stm32f3xx_hal_flash_ex.o(i.FLASH_OB_EnableWRP) refers to stm32f3xx_hal_flash.o(i.FLASH_WaitForLastOperation) for FLASH_WaitForLastOperation
    stm32f3xx_hal_flash_ex.o(i.FLASH_OB_EnableWRP) refers to stm32f3xx_hal_flash_ex.o(i.HAL_FLASHEx_OBErase) for HAL_FLASHEx_OBErase
    stm32f3xx_hal_flash_ex.o(i.FLASH_OB_EnableWRP) refers to stm32f3xx_hal_flash.o(.bss) for pFlash
    stm32f3xx_hal_flash_ex.o(i.FLASH_OB_RDP_LevelConfig) refers to stm32f3xx_hal_flash.o(i.FLASH_WaitForLastOperation) for FLASH_WaitForLastOperation
    stm32f3xx_hal_flash_ex.o(i.FLASH_OB_RDP_LevelConfig) refers to stm32f3xx_hal_flash.o(.bss) for pFlash
    stm32f3xx_hal_flash_ex.o(i.FLASH_PageErase) refers to stm32f3xx_hal_flash.o(.bss) for pFlash
    stm32f3xx_hal_flash_ex.o(i.HAL_FLASHEx_Erase) refers to stm32f3xx_hal_flash.o(i.FLASH_WaitForLastOperation) for FLASH_WaitForLastOperation
    stm32f3xx_hal_flash_ex.o(i.HAL_FLASHEx_Erase) refers to stm32f3xx_hal_flash_ex.o(i.FLASH_MassErase) for FLASH_MassErase
    stm32f3xx_hal_flash_ex.o(i.HAL_FLASHEx_Erase) refers to stm32f3xx_hal_flash_ex.o(i.FLASH_PageErase) for FLASH_PageErase
    stm32f3xx_hal_flash_ex.o(i.HAL_FLASHEx_Erase) refers to stm32f3xx_hal_flash.o(.bss) for pFlash
    stm32f3xx_hal_flash_ex.o(i.HAL_FLASHEx_Erase_IT) refers to stm32f3xx_hal_flash_ex.o(i.FLASH_PageErase) for FLASH_PageErase
    stm32f3xx_hal_flash_ex.o(i.HAL_FLASHEx_Erase_IT) refers to stm32f3xx_hal_flash_ex.o(i.FLASH_MassErase) for FLASH_MassErase
    stm32f3xx_hal_flash_ex.o(i.HAL_FLASHEx_Erase_IT) refers to stm32f3xx_hal_flash.o(.bss) for pFlash
    stm32f3xx_hal_flash_ex.o(i.HAL_FLASHEx_OBErase) refers to stm32f3xx_hal_flash_ex.o(i.FLASH_OB_GetRDP) for FLASH_OB_GetRDP
    stm32f3xx_hal_flash_ex.o(i.HAL_FLASHEx_OBErase) refers to stm32f3xx_hal_flash.o(i.FLASH_WaitForLastOperation) for FLASH_WaitForLastOperation
    stm32f3xx_hal_flash_ex.o(i.HAL_FLASHEx_OBErase) refers to stm32f3xx_hal_flash_ex.o(i.FLASH_OB_RDP_LevelConfig) for FLASH_OB_RDP_LevelConfig
    stm32f3xx_hal_flash_ex.o(i.HAL_FLASHEx_OBErase) refers to stm32f3xx_hal_flash.o(.bss) for pFlash
    stm32f3xx_hal_flash_ex.o(i.HAL_FLASHEx_OBGetConfig) refers to stm32f3xx_hal_flash_ex.o(i.FLASH_OB_GetRDP) for FLASH_OB_GetRDP
    stm32f3xx_hal_flash_ex.o(i.HAL_FLASHEx_OBProgram) refers to stm32f3xx_hal_flash_ex.o(i.FLASH_OB_DisableWRP) for FLASH_OB_DisableWRP
    stm32f3xx_hal_flash_ex.o(i.HAL_FLASHEx_OBProgram) refers to stm32f3xx_hal_flash_ex.o(i.FLASH_OB_EnableWRP) for FLASH_OB_EnableWRP
[...]
    stm32f3xx_hal_rcc.o(i.HAL_RCC_GetSysClockFreq) refers to stm32f3xx_hal_rcc.o(.constdata) for .constdata
    stm32f3xx_hal_rcc.o(i.HAL_RCC_MCOConfig) refers to memseta.o(.text) for __aeabi_memclr4
    stm32f3xx_hal_rcc.o(i.HAL_RCC_MCOConfig) refers to stm32f3xx_hal_gpio.o(i.HAL_GPIO_Init) for HAL_GPIO_Init
    stm32f3xx_hal_rcc.o(i.HAL_RCC_NMI_IRQHandler) refers to stm32f3xx_hal_rcc.o(i.HAL_RCC_CSSCallback) for HAL_RCC_CSSCallback
    stm32f3xx_hal_rcc.o(i.HAL_RCC_OscConfig) refers to stm32f3xx_hal.o(i.HAL_GetTick) for HAL_GetTick
    stm32f3xx_hal_gpio.o(i.HAL_GPIO_EXTI_IRQHandler) refers to stm32f3xx_hal_gpio.o(i.HAL_GPIO_EXTI_Callback) for HAL_GPIO_EXTI_Callback
    stm32f3xx_hal_dma.o(i.HAL_DMA_DeInit) refers to stm32f3xx_hal_dma.o(i.DMA_CalcBaseAndBitshift) for DMA_CalcBaseAndBitshift
    stm32f3xx_hal_dma.o(i.HAL_DMA_Init) refers to stm32f3xx_hal_dma.o(i.DMA_CalcBaseAndBitshift) for DMA_CalcBaseAndBitshift
    stm32f3xx_hal_dma.o(i.HAL_DMA_PollForTransfer) refers to stm32f3xx_hal.o(i.HAL_GetTick) for HAL_GetTick
    stm32f3xx_hal_dma.o(i.HAL_DMA_Start) refers to stm32f3xx_hal_dma.o(i.DMA_SetConfig) for DMA_SetConfig
    stm32f3xx_hal_dma.o(i.HAL_DMA_Start_IT) refers to stm32f3xx_hal_dma.o(i.DMA_SetConfig) for DMA_SetConfig
    stm32f3xx_hal_i2c.o(i.HAL_I2C_DeInit) refers to stm32f3xx_hal_i2c.o(i.HAL_I2C_MspDeInit) for HAL_I2C_MspDeInit
    stm32f3xx_hal_i2c.o(i.HAL_I2C_DisableListen_IT) refers to stm32f3xx_hal_i2c.o(i.I2C_Disable_IRQ) for I2C_Disable_IRQ
    stm32f3xx_hal_i2c.o(i.HAL_I2C_ER_IRQHandler) refers to stm32f3xx_hal_i2c.o(i.I2C_ITError) for I2C_ITError
    stm32f3xx_hal_i2c.o(i.HAL_I2C_EnableListen_IT) refers to stm32f3xx_hal_i2c.o(i.I2C_Enable_IRQ) for I2C_Enable_IRQ
    stm32f3xx_hal_i2c.o(i.HAL_I2C_EnableListen_IT) refers to stm32f3xx_hal_i2c.o(i.I2C_Slave_ISR_IT) for I2C_Slave_ISR_IT
    stm32f3xx_hal_i2c.o(i.HAL_I2C_Init) refers to stm32f3xx_hal_i2c.o(i.HAL_I2C_MspInit) for HAL_I2C_MspInit
    stm32f3xx_hal_i2c.o(i.HAL_I2C_IsDeviceReady) refers to stm32f3xx_hal.o(i.HAL_GetTick) for HAL_GetTick
    stm32f3xx_hal_i2c.o(i.HAL_I2C_IsDeviceReady) refers to stm32f3xx_hal_i2c.o(i.I2C_WaitOnFlagUntilTimeout) for I2C_WaitOnFlagUntilTimeout
    stm32f3xx_hal_i2c.o(i.HAL_I2C_Master_Abort_IT) refers to stm32f3xx_hal_i2c.o(i.I2C_Disable_IRQ) for I2C_Disable_IRQ
    stm32f3xx_hal_i2c.o(i.HAL_I2C_Master_Abort_IT) refers to stm32f3xx_hal_i2c.o(i.I2C_TransferConfig) for I2C_TransferConfig
    stm32f3xx_hal_i2c.o(i.HAL_I2C_Master_Abort_IT) refers to stm32f3xx_hal_i2c.o(i.I2C_Enable_IRQ) for I2C_Enable_IRQ
    stm32f3xx_hal_i2c.o(i.HAL_I2C_Master_Receive) refers to stm32f3xx_hal.o(i.HAL_GetTick) for HAL_GetTick
    stm32f3xx_hal_i2c.o(i.HAL_I2C_Master_Receive) refers to stm32f3xx_hal_i2c.o(i.I2C_WaitOnFlagUntilTimeout) for I2C_WaitOnFlagUntilTimeout
    stm32f3xx_hal_i2c.o(i.HAL_I2C_Master_Receive) refers to stm32f3xx_hal_i2c.o(i.I2C_TransferConfig) for I2C_TransferConfig
    stm32f3xx_hal_i2c.o(i.HAL_I2C_Master_Receive) refers to stm32f3xx_hal_i2c.o(i.I2C_WaitOnRXNEFlagUntilTimeout) for I2C_WaitOnRXNEFlagUntilTimeout
    stm32f3xx_hal_i2c.o(i.HAL_I2C_Master_Receive) refers to stm32f3xx_hal_i2c.o(i.I2C_WaitOnSTOPFlagUntilTimeout) for I2C_WaitOnSTOPFlagUntilTimeout
    stm32f3xx_hal_i2c.o(i.HAL_I2C_Master_Receive_DMA) refers to stm32f3xx_hal_dma.o(i.HAL_DMA_Start_IT) for HAL_DMA_Start_IT
    stm32f3xx_hal_i2c.o(i.HAL_I2C_Master_Receive_DMA) refers to stm32f3xx_hal_i2c.o(i.I2C_TransferConfig) for I2C_TransferConfig
    stm32f3xx_hal_i2c.o(i.HAL_I2C_Master_Receive_DMA) refers to stm32f3xx_hal_i2c.o(i.I2C_Enable_IRQ) for I2C_Enable_IRQ
    stm32f3xx_hal_i2c.o(i.HAL_I2C_Master_Receive_DMA) refers to stm32f3xx_hal_i2c.o(i.I2C_Master_ISR_DMA) for I2C_Master_ISR_DMA
    stm32f3xx_hal_i2c.o(i.HAL_I2C_Master_Receive_DMA) refers to stm32f3xx_hal_i2c.o(i.I2C_DMAMasterReceiveCplt) for I2C_DMAMasterReceiveCplt
    stm32f3xx_hal_i2c.o(i.HAL_I2C_Master_Receive_DMA) refers to stm32f3xx_hal_i2c.o(i.I2C_DMAError) for I2C_DMAError
    stm32f3xx_hal_i2c.o(i.HAL_I2C_Master_Receive_DMA) refers to stm32f3xx_hal_i2c.o(i.I2C_Master_ISR_IT) for I2C_Master_ISR_IT
    stm32f3xx_hal_i2c.o(i.HAL_I2C_Master_Receive_IT) refers to stm32f3xx_hal_i2c.o(i.I2C_TransferConfig) for I2C_TransferConfig
    stm32f3xx_hal_i2c.o(i.HAL_I2C_Master_Receive_IT) refers to stm32f3xx_hal_i2c.o(i.I2C_Enable_IRQ) for I2C_Enable_IRQ
    stm32f3xx_hal_i2c.o(i.HAL_I2C_Master_Receive_IT) refers to stm32f3xx_hal_i2c.o(i.I2C_Master_ISR_IT) for I2C_Master_ISR_IT
    stm32f3xx_hal_i2c.o(i.HAL_I2C_Master_Sequential_Receive_IT) refers to stm32f3xx_hal_i2c.o(i.I2C_TransferConfig) for I2C_TransferConfig
    stm32f3xx_hal_i2c.o(i.HAL_I2C_Master_Sequential_Receive_IT) refers to stm32f3xx_hal_i2c.o(i.I2C_Enable_IRQ) for I2C_Enable_IRQ
    stm32f3xx_hal_i2c.o(i.HAL_I2C_Master_Sequential_Receive_IT) refers to stm32f3xx_hal_i2c.o(i.I2C_Master_ISR_IT) for I2C_Master_ISR_IT
    stm32f3xx_hal_i2c.o(i.HAL_I2C_Master_Sequential_Transmit_IT) refers to stm32f3xx_hal_i2c.o(i.I2C_TransferConfig) for I2C_TransferConfig
    stm32f3xx_hal_i2c.o(i.HAL_I2C_Master_Sequential_Transmit_IT) refers to stm32f3xx_hal_i2c.o(i.I2C_Enable_IRQ) for I2C_Enable_IRQ
    stm32f3xx_hal_i2c.o(i.HAL_I2C_Master_Sequential_Transmit_IT) refers to stm32f3xx_hal_i2c.o(i.I2C_Master_ISR_IT) for I2C_Master_ISR_IT
    stm32f3xx_hal_i2c.o(i.HAL_I2C_Master_Transmit) refers to stm32f3xx_hal.o(i.HAL_GetTick) for HAL_GetTick
    stm32f3xx_hal_i2c.o(i.HAL_I2C_Master_Transmit) refers to stm32f3xx_hal_i2c.o(i.I2C_WaitOnFlagUntilTimeout) for I2C_WaitOnFlagUntilTimeout
    stm32f3xx_hal_i2c.o(i.HAL_I2C_Master_Transmit) refers to stm32f3xx_hal_i2c.o(i.I2C_TransferConfig) for I2C_TransferConfig
    stm32f3xx_hal_i2c.o(i.HAL_I2C_Master_Transmit) refers to stm32f3xx_hal_i2c.o(i.I2C_WaitOnTXISFlagUntilTimeout) for I2C_WaitOnTXISFlagUntilTimeout
    stm32f3xx_hal_i2c.o(i.HAL_I2C_Master_Transmit) refers to stm32f3xx_hal_i2c.o(i.I2C_WaitOnSTOPFlagUntilTimeout) for I2C_WaitOnSTOPFlagUntilTimeout
    stm32f3xx_hal_i2c.o(i.HAL_I2C_Master_Transmit_DMA) refers to stm32f3xx_hal_dma.o(i.HAL_DMA_Start_IT) for HAL_DMA_Start_IT
    stm32f3xx_hal_i2c.o(i.HAL_I2C_Master_Transmit_DMA) refers to stm32f3xx_hal_i2c.o(i.I2C_TransferConfig) for I2C_TransferConfig
    stm32f3xx_hal_i2c.o(i.HAL_I2C_Master_Transmit_DMA) refers to stm32f3xx_hal_i2c.o(i.I2C_Enable_IRQ) for I2C_Enable_IRQ
    stm32f3xx_hal_i2c.o(i.HAL_I2C_Master_Transmit_DMA) refers to stm32f3xx_hal_i2c.o(i.I2C_Master_ISR_DMA) for I2C_Master_ISR_DMA
    stm32f3xx_hal_i2c.o(i.HAL_I2C_Master_Transmit_DMA) refers to stm32f3xx_hal_i2c.o(i.I2C_DMAMasterTransmitCplt) for I2C_DMAMasterTransmitCplt
    stm32f3xx_hal_i2c.o(i.HAL_I2C_Master_Transmit_DMA) refers to stm32f3xx_hal_i2c.o(i.I2C_DMAError) for I2C_DMAError
    stm32f3xx_hal_i2c.o(i.HAL_I2C_Master_Transmit_DMA) refers to stm32f3xx_hal_i2c.o(i.I2C_Master_ISR_IT) for I2C_Master_ISR_IT
    stm32f3xx_hal_i2c.o(i.HAL_I2C_Master_Transmit_IT) refers to stm32f3xx_hal_i2c.o(i.I2C_TransferConfig) for I2C_TransferConfig
    stm32f3xx_hal_i2c.o(i.HAL_I2C_Master_Transmit_IT) refers to stm32f3xx_hal_i2c.o(i.I2C_Enable_IRQ) for I2C_Enable_IRQ
    stm32f3xx_hal_i2c.o(i.HAL_I2C_Master_Transmit_IT) refers to stm32f3xx_hal_i2c.o(i.I2C_Master_ISR_IT) for I2C_Master_ISR_IT
    stm32f3xx_hal_i2c.o(i.HAL_I2C_Mem_Read) refers to stm32f3xx_hal.o(i.HAL_GetTick) for HAL_GetTick
    stm32f3xx_hal_i2c.o(i.HAL_I2C_Mem_Read) refers to stm32f3xx_hal_i2c.o(i.I2C_WaitOnFlagUntilTimeout) for I2C_WaitOnFlagUntilTimeout
    stm32f3xx_hal_i2c.o(i.HAL_I2C_Mem_Read) refers to stm32f3xx_hal_i2c.o(i.I2C_RequestMemoryRead) for I2C_RequestMemoryRead
    stm32f3xx_hal_i2c.o(i.HAL_I2C_Mem_Read) refers to stm32f3xx_hal_i2c.o(i.I2C_TransferConfig) for I2C_TransferConfig
    stm32f3xx_hal_i2c.o(i.HAL_I2C_Mem_Read) refers to stm32f3xx_hal_i2c.o(i.I2C_WaitOnSTOPFlagUntilTimeout) for I2C_WaitOnSTOPFlagUntilTimeout
    stm32f3xx_hal_i2c.o(i.HAL_I2C_Mem_Read_DMA) refers to stm32f3xx_hal.o(i.HAL_GetTick) for HAL_GetTick
    stm32f3xx_hal_i2c.o(i.HAL_I2C_Mem_Read_DMA) refers to stm32f3xx_hal_i2c.o(i.I2C_RequestMemoryRead) for I2C_RequestMemoryRead
    stm32f3xx_hal_i2c.o(i.HAL_I2C_Mem_Read_DMA) refers to stm32f3xx_hal_dma.o(i.HAL_DMA_Start_IT) for HAL_DMA_Start_IT
    stm32f3xx_hal_i2c.o(i.HAL_I2C_Mem_Read_DMA) refers to stm32f3xx_hal_i2c.o(i.I2C_TransferConfig) for I2C_TransferConfig
    stm32f3xx_hal_i2c.o(i.HAL_I2C_Mem_Read_DMA) refers to stm32f3xx_hal_i2c.o(i.I2C_Enable_IRQ) for I2C_Enable_IRQ
    stm32f3xx_hal_i2c.o(i.HAL_I2C_Mem_Read_DMA) refers to stm32f3xx_hal_i2c.o(i.I2C_Master_ISR_DMA) for I2C_Master_ISR_DMA
    stm32f3xx_hal_i2c.o(i.HAL_I2C_Mem_Read_DMA) refers to stm32f3xx_hal_i2c.o(i.I2C_DMAMasterReceiveCplt) for I2C_DMAMasterReceiveCplt
    stm32f3xx_hal_i2c.o(i.HAL_I2C_Mem_Read_DMA) refers to stm32f3xx_hal_i2c.o(i.I2C_DMAError) for I2C_DMAError
    stm32f3xx_hal_i2c.o(i.HAL_I2C_Mem_Read_IT) refers to stm32f3xx_hal.o(i.HAL_GetTick) for HAL_GetTick
    stm32f3xx_hal_i2c.o(i.HAL_I2C_Mem_Read_IT) refers to stm32f3xx_hal_i2c.o(i.I2C_RequestMemoryRead) for I2C_RequestMemoryRead
    stm32f3xx_hal_i2c.o(i.HAL_I2C_Mem_Read_IT) refers to stm32f3xx_hal_i2c.o(i.I2C_TransferConfig) for I2C_TransferConfig
    stm32f3xx_hal_i2c.o(i.HAL_I2C_Mem_Read_IT) refers to stm32f3xx_hal_i2c.o(i.I2C_Enable_IRQ) for I2C_Enable_IRQ
    stm32f3xx_hal_i2c.o(i.HAL_I2C_Mem_Read_IT) refers to stm32f3xx_hal_i2c.o(i.I2C_Master_ISR_IT) for I2C_Master_ISR_IT
    stm32f3xx_hal_i2c.o(i.HAL_I2C_Mem_Write) refers to stm32f3xx_hal.o(i.HAL_GetTick) for HAL_GetTick
    stm32f3xx_hal_i2c.o(i.HAL_I2C_Mem_Write) refers to stm32f3xx_hal_i2c.o(i.I2C_WaitOnFlagUntilTimeout) for I2C_WaitOnFlagUntilTimeout
    stm32f3xx_hal_i2c.o(i.HAL_I2C_Mem_Write) refers to stm32f3xx_hal_i2c.o(i.I2C_RequestMemoryWrite) for I2C_RequestMemoryWrite
    stm32f3xx_hal_i2c.o(i.HAL_I2C_Mem_Write) refers to stm32f3xx_hal_i2c.o(i.I2C_TransferConfig) for I2C_TransferConfig
    stm32f3xx_hal_i2c.o(i.HAL_I2C_Mem_Write) refers to stm32f3xx_hal_i2c.o(i.I2C_WaitOnTXISFlagUntilTimeout) for I2C_WaitOnTXISFlagUntilTimeout
    stm32f3xx_hal_i2c.o(i.HAL_I2C_Mem_Write) refers to stm32f3xx_hal_i2c.o(i.I2C_WaitOnSTOPFlagUntilTimeout) for I2C_WaitOnSTOPFlagUntilTimeout
    stm32f3xx_hal_i2c.o(i.HAL_I2C_Mem_Write_DMA) refers to stm32f3xx_hal.o(i.HAL_GetTick) for HAL_GetTick
    stm32f3xx_hal_i2c.o(i.HAL_I2C_Mem_Write_DMA) refers to stm32f3xx_hal_i2c.o(i.I2C_RequestMemoryWrite) for I2C_RequestMemoryWrite
    stm32f3xx_hal_i2c.o(i.HAL_I2C_Mem_Write_DMA) refers to stm32f3xx_hal_dma.o(i.HAL_DMA_Start_IT) for HAL_DMA_Start_IT
    stm32f3xx_hal_i2c.o(i.HAL_I2C_Mem_Write_DMA) refers to stm32f3xx_hal_i2c.o(i.I2C_TransferConfig) for I2C_TransferConfig
    stm32f3xx_hal_i2c.o(i.HAL_I2C_Mem_Write_DMA) refers to stm32f3xx_hal_i2c.o(i.I2C_Enable_IRQ) for I2C_Enable_IRQ
    stm32f3xx_hal_i2c.o(i.HAL_I2C_Mem_Write_DMA) refers to stm32f3xx_hal_i2c.o(i.I2C_Master_ISR_DMA) for I2C_Master_ISR_DMA
    stm32f3xx_hal_i2c.o(i.HAL_I2C_Mem_Write_DMA) refers to stm32f3xx_hal_i2c.o(i.I2C_DMAMasterTransmitCplt) for I2C_DMAMasterTransmitCplt
    stm32f3xx_hal_i2c.o(i.HAL_I2C_Mem_Write_DMA) refers to stm32f3xx_hal_i2c.o(i.I2C_DMAError) for I2C_DMAError
    stm32f3xx_hal_i2c.o(i.HAL_I2C_Mem_Write_IT) refers to stm32f3xx_hal.o(i.HAL_GetTick) for HAL_GetTick
    stm32f3xx_hal_i2c.o(i.HAL_I2C_Mem_Write_IT) refers to stm32f3xx_hal_i2c.o(i.I2C_RequestMemoryWrite) for I2C_RequestMemoryWrite
    stm32f3xx_hal_i2c.o(i.HAL_I2C_Mem_Write_IT) refers to stm32f3xx_hal_i2c.o(i.I2C_TransferConfig) for I2C_TransferConfig
    stm32f3xx_hal_i2c.o(i.HAL_I2C_Mem_Write_IT) refers to stm32f3xx_hal_i2c.o(i.I2C_Enable_IRQ) for I2C_Enable_IRQ
    stm32f3xx_hal_i2c.o(i.HAL_I2C_Mem_Write_IT) refers to stm32f3xx_hal_i2c.o(i.I2C_Master_ISR_IT) for I2C_Master_ISR_IT
    stm32f3xx_hal_i2c.o(i.HAL_I2C_Slave_Receive) refers to stm32f3xx_hal.o(i.HAL_GetTick) for HAL_GetTick
    stm32f3xx_hal_i2c.o(i.HAL_I2C_Slave_Receive) refers to stm32f3xx_hal_i2c.o(i.I2C_WaitOnFlagUntilTimeout) for I2C_WaitOnFlagUntilTimeout
    stm32f3xx_hal_i2c.o(i.HAL_I2C_Slave_Receive) refers to stm32f3xx_hal_i2c.o(i.I2C_WaitOnRXNEFlagUntilTimeout) for I2C_WaitOnRXNEFlagUntilTimeout
    stm32f3xx_hal_i2c.o(i.HAL_I2C_Slave_Receive) refers to stm32f3xx_hal_i2c.o(i.I2C_WaitOnSTOPFlagUntilTimeout) for I2C_WaitOnSTOPFlagUntilTimeout
    stm32f3xx_hal_i2c.o(i.HAL_I2C_Slave_Receive_DMA) refers to stm32f3xx_hal_dma.o(i.HAL_DMA_Start_IT) for HAL_DMA_Start_IT
    stm32f3xx_hal_i2c.o(i.HAL_I2C_Slave_Receive_DMA) refers to stm32f3xx_hal_i2c.o(i.I2C_Enable_IRQ) for I2C_Enable_IRQ
    stm32f3xx_hal_i2c.o(i.HAL_I2C_Slave_Receive_DMA) refers to stm32f3xx_hal_i2c.o(i.I2C_Slave_ISR_DMA) for I2C_Slave_ISR_DMA
    stm32f3xx_hal_i2c.o(i.HAL_I2C_Slave_Receive_DMA) refers to stm32f3xx_hal_i2c.o(i.I2C_DMASlaveReceiveCplt) for I2C_DMASlaveReceiveCplt
    stm32f3xx_hal_i2c.o(i.HAL_I2C_Slave_Receive_DMA) refers to stm32f3xx_hal_i2c.o(i.I2C_DMAError) for I2C_DMAError
    stm32f3xx_hal_i2c.o(i.HAL_I2C_Slave_Receive_IT) refers to stm32f3xx_hal_i2c.o(i.I2C_Enable_IRQ) for I2C_Enable_IRQ
    stm32f3xx_hal_i2c.o(i.HAL_I2C_Slave_Receive_IT) refers to stm32f3xx_hal_i2c.o(i.I2C_Slave_ISR_IT) for I2C_Slave_ISR_IT
    stm32f3xx_hal_i2c.o(i.HAL_I2C_Slave_Sequential_Receive_IT) refers to stm32f3xx_hal_i2c.o(i.I2C_Disable_IRQ) for I2C_Disable_IRQ
    stm32f3xx_hal_i2c.o(i.HAL_I2C_Slave_Sequential_Receive_IT) refers to stm32f3xx_hal_i2c.o(i.I2C_Enable_IRQ) for I2C_Enable_IRQ
    stm32f3xx_hal_i2c.o(i.HAL_I2C_Slave_Sequential_Receive_IT) refers to stm32f3xx_hal_i2c.o(i.I2C_Slave_ISR_IT) for I2C_Slave_ISR_IT
    stm32f3xx_hal_i2c.o(i.HAL_I2C_Slave_Sequential_Transmit_IT) refers to stm32f3xx_hal_i2c.o(i.I2C_Disable_IRQ) for I2C_Disable_IRQ
    stm32f3xx_hal_i2c.o(i.HAL_I2C_Slave_Sequential_Transmit_IT) refers to stm32f3xx_hal_i2c.o(i.I2C_Enable_IRQ) for I2C_Enable_IRQ
    stm32f3xx_hal_i2c.o(i.HAL_I2C_Slave_Sequential_Transmit_IT) refers to stm32f3xx_hal_i2c.o(i.I2C_Slave_ISR_IT) for I2C_Slave_ISR_IT
    stm32f3xx_hal_i2c.o(i.HAL_I2C_Slave_Transmit) refers to stm32f3xx_hal.o(i.HAL_GetTick) for HAL_GetTick
    stm32f3xx_hal_i2c.o(i.HAL_I2C_Slave_Transmit) refers to stm32f3xx_hal_i2c.o(i.I2C_WaitOnFlagUntilTimeout) for I2C_WaitOnFlagUntilTimeout
    stm32f3xx_hal_i2c.o(i.HAL_I2C_Slave_Transmit) refers to stm32f3xx_hal_i2c.o(i.I2C_WaitOnTXISFlagUntilTimeout) for I2C_WaitOnTXISFlagUntilTimeout
    stm32f3xx_hal_i2c.o(i.HAL_I2C_Slave_Transmit) refers to stm32f3xx_hal_i2c.o(i.I2C_WaitOnSTOPFlagUntilTimeout) for I2C_WaitOnSTOPFlagUntilTimeout
    stm32f3xx_hal_i2c.o(i.HAL_I2C_Slave_Transmit_DMA) refers to stm32f3xx_hal_dma.o(i.HAL_DMA_Start_IT) for HAL_DMA_Start_IT
    stm32f3xx_hal_i2c.o(i.HAL_I2C_Slave_Transmit_DMA) refers to stm32f3xx_hal_i2c.o(i.I2C_Enable_IRQ) for I2C_Enable_IRQ
    stm32f3xx_hal_i2c.o(i.HAL_I2C_Slave_Transmit_DMA) refers to stm32f3xx_hal_i2c.o(i.I2C_Slave_ISR_DMA) for I2C_Slave_ISR_DMA
    stm32f3xx_hal_i2c.o(i.HAL_I2C_Slave_Transmit_DMA) refers to stm32f3xx_hal_i2c.o(i.I2C_DMASlaveTransmitCplt) for I2C_DMASlaveTransmitCplt
    stm32f3xx_hal_i2c.o(i.HAL_I2C_Slave_Transmit_DMA) refers to stm32f3xx_hal_i2c.o(i.I2C_DMAError) for I2C_DMAError
    stm32f3xx_hal_i2c.o(i.HAL_I2C_Slave_Transmit_IT) refers to stm32f3xx_hal_i2c.o(i.I2C_Enable_IRQ) for I2C_Enable_IRQ
    stm32f3xx_hal_i2c.o(i.HAL_I2C_Slave_Transmit_IT) refers to stm32f3xx_hal_i2c.o(i.I2C_Slave_ISR_IT) for I2C_Slave_ISR_IT
    stm32f3xx_hal_i2c.o(i.I2C_DMAAbort) refers to stm32f3xx_hal_i2c.o(i.HAL_I2C_ErrorCallback) for HAL_I2C_ErrorCallback
    stm32f3xx_hal_i2c.o(i.I2C_DMAAbort) refers to stm32f3xx_hal_i2c.o(i.HAL_I2C_AbortCpltCallback) for HAL_I2C_AbortCpltCallback
    stm32f3xx_hal_i2c.o(i.I2C_DMAError) refers to stm32f3xx_hal_i2c.o(i.I2C_ITError) for I2C_ITError
    stm32f3xx_hal_i2c.o(i.I2C_DMAMasterReceiveCplt) refers to stm32f3xx_hal_i2c.o(i.I2C_Enable_IRQ) for I2C_Enable_IRQ
    stm32f3xx_hal_i2c.o(i.I2C_DMAMasterReceiveCplt) refers to stm32f3xx_hal_dma.o(i.HAL_DMA_Start_IT) for HAL_DMA_Start_IT
    stm32f3xx_hal_i2c.o(i.I2C_DMAMasterTransmitCplt) refers to stm32f3xx_hal_i2c.o(i.I2C_Enable_IRQ) for I2C_Enable_IRQ
    stm32f3xx_hal_i2c.o(i.I2C_DMAMasterTransmitCplt) refers to stm32f3xx_hal_dma.o(i.HAL_DMA_Start_IT) for HAL_DMA_Start_IT
    stm32f3xx_hal_i2c.o(i.I2C_Enable_IRQ) refers to stm32f3xx_hal_i2c.o(i.I2C_Master_ISR_DMA) for I2C_Master_ISR_DMA
    stm32f3xx_hal_i2c.o(i.I2C_Enable_IRQ) refers to stm32f3xx_hal_i2c.o(i.I2C_Slave_ISR_DMA) for I2C_Slave_ISR_DMA
    stm32f3xx_hal_i2c.o(i.I2C_ITAddrCplt) refers to stm32f3xx_hal_i2c.o(i.I2C_Disable_IRQ) for I2C_Disable_IRQ
    stm32f3xx_hal_i2c.o(i.I2C_ITAddrCplt) refers to stm32f3xx_hal_i2c.o(i.HAL_I2C_AddrCallback) for HAL_I2C_AddrCallback
    stm32f3xx_hal_i2c.o(i.I2C_ITError) refers to stm32f3xx_hal_i2c.o(i.I2C_Disable_IRQ) for I2C_Disable_IRQ
    stm32f3xx_hal_i2c.o(i.I2C_ITError) refers to stm32f3xx_hal_dma.o(i.HAL_DMA_Abort_IT) for HAL_DMA_Abort_IT
    stm32f3xx_hal_i2c.o(i.I2C_ITError) refers to stm32f3xx_hal_i2c.o(i.HAL_I2C_ErrorCallback) for HAL_I2C_ErrorCallback
    stm32f3xx_hal_i2c.o(i.I2C_ITError) refers to stm32f3xx_hal_i2c.o(i.HAL_I2C_AbortCpltCallback) for HAL_I2C_AbortCpltCallback
    stm32f3xx_hal_i2c.o(i.I2C_ITError) refers to stm32f3xx_hal_i2c.o(i.I2C_DMAAbort) for I2C_DMAAbort
    stm32f3xx_hal_i2c.o(i.I2C_ITError) refers to stm32f3xx_hal_i2c.o(i.I2C_Slave_ISR_IT) for I2C_Slave_ISR_IT
    stm32f3xx_hal_i2c.o(i.I2C_ITListenCplt) refers to stm32f3xx_hal_i2c.o(i.I2C_Disable_IRQ) for I2C_Disable_IRQ
    stm32f3xx_hal_i2c.o(i.I2C_ITListenCplt) refers to stm32f3xx_hal_i2c.o(i.HAL_I2C_ListenCpltCallback) for HAL_I2C_ListenCpltCallback
    stm32f3xx_hal_i2c.o(i.I2C_ITMasterCplt) refers to stm32f3xx_hal_i2c.o(i.I2C_Flush_TXDR) for I2C_Flush_TXDR
    stm32f3xx_hal_i2c.o(i.I2C_ITMasterCplt) refers to stm32f3xx_hal_i2c.o(i.I2C_Disable_IRQ) for I2C_Disable_IRQ
    stm32f3xx_hal_i2c.o(i.I2C_ITMasterCplt) refers to stm32f3xx_hal_i2c.o(i.HAL_I2C_MasterRxCpltCallback) for HAL_I2C_MasterRxCpltCallback
    stm32f3xx_hal_i2c.o(i.I2C_ITMasterCplt) refers to stm32f3xx_hal_i2c.o(i.I2C_ITError) for I2C_ITError
    stm32f3xx_hal_i2c.o(i.I2C_ITMasterCplt) refers to stm32f3xx_hal_i2c.o(i.HAL_I2C_MasterTxCpltCallback) for HAL_I2C_MasterTxCpltCallback
    stm32f3xx_hal_i2c.o(i.I2C_ITMasterCplt) refers to stm32f3xx_hal_i2c.o(i.HAL_I2C_MemTxCpltCallback) for HAL_I2C_MemTxCpltCallback
    stm32f3xx_hal_i2c.o(i.I2C_ITMasterCplt) refers to stm32f3xx_hal_i2c.o(i.HAL_I2C_MemRxCpltCallback) for HAL_I2C_MemRxCpltCallback
    stm32f3xx_hal_i2c.o(i.I2C_ITMasterSequentialCplt) refers to stm32f3xx_hal_i2c.o(i.I2C_Disable_IRQ) for I2C_Disable_IRQ
    stm32f3xx_hal_i2c.o(i.I2C_ITMasterSequentialCplt) refers to stm32f3xx_hal_i2c.o(i.HAL_I2C_MasterRxCpltCallback) for HAL_I2C_MasterRxCpltCallback
    stm32f3xx_hal_i2c.o(i.I2C_ITMasterSequentialCplt) refers to stm32f3xx_hal_i2c.o(i.HAL_I2C_MasterTxCpltCallback) for HAL_I2C_MasterTxCpltCallback
    stm32f3xx_hal_i2c.o(i.I2C_ITSlaveCplt) refers to stm32f3xx_hal_i2c.o(i.I2C_Disable_IRQ) for I2C_Disable_IRQ
    stm32f3xx_hal_i2c.o(i.I2C_ITSlaveCplt) refers to stm32f3xx_hal_i2c.o(i.I2C_Flush_TXDR) for I2C_Flush_TXDR
    stm32f3xx_hal_i2c.o(i.I2C_ITSlaveCplt) refers to stm32f3xx_hal_i2c.o(i.I2C_ITError) for I2C_ITError
    stm32f3xx_hal_i2c.o(i.I2C_ITSlaveCplt) refers to stm32f3xx_hal_i2c.o(i.I2C_ITListenCplt) for I2C_ITListenCplt
    stm32f3xx_hal_i2c.o(i.I2C_ITSlaveCplt) refers to stm32f3xx_hal_i2c.o(i.HAL_I2C_ListenCpltCallback) for HAL_I2C_ListenCpltCallback
    stm32f3xx_hal_i2c.o(i.I2C_ITSlaveCplt) refers to stm32f3xx_hal_i2c.o(i.HAL_I2C_SlaveTxCpltCallback) for HAL_I2C_SlaveTxCpltCallback
    stm32f3xx_hal_i2c.o(i.I2C_ITSlaveCplt) refers to stm32f3xx_hal_i2c.o(i.HAL_I2C_SlaveRxCpltCallback) for HAL_I2C_SlaveRxCpltCallback
    stm32f3xx_hal_i2c.o(i.I2C_ITSlaveSequentialCplt) refers to stm32f3xx_hal_i2c.o(i.I2C_Disable_IRQ) for I2C_Disable_IRQ
    stm32f3xx_hal_i2c.o(i.I2C_ITSlaveSequentialCplt) refers to stm32f3xx_hal_i2c.o(i.HAL_I2C_SlaveRxCpltCallback) for HAL_I2C_SlaveRxCpltCallback
    stm32f3xx_hal_i2c.o(i.I2C_ITSlaveSequentialCplt) refers to stm32f3xx_hal_i2c.o(i.HAL_I2C_SlaveTxCpltCallback) for HAL_I2C_SlaveTxCpltCallback
    stm32f3xx_hal_i2c.o(i.I2C_IsAcknowledgeFailed) refers to stm32f3xx_hal.o(i.HAL_GetTick) for HAL_GetTick
    stm32f3xx_hal_i2c.o(i.I2C_IsAcknowledgeFailed) refers to stm32f3xx_hal_i2c.o(i.I2C_Flush_TXDR) for I2C_Flush_TXDR
    stm32f3xx_hal_i2c.o(i.I2C_Master_ISR_DMA) refers to stm32f3xx_hal_i2c.o(i.I2C_Enable_IRQ) for I2C_Enable_IRQ
    stm32f3xx_hal_i2c.o(i.I2C_Master_ISR_DMA) refers to stm32f3xx_hal_i2c.o(i.I2C_Flush_TXDR) for I2C_Flush_TXDR
    stm32f3xx_hal_i2c.o(i.I2C_Master_ISR_DMA) refers to stm32f3xx_hal_i2c.o(i.I2C_TransferConfig) for I2C_TransferConfig
    stm32f3xx_hal_i2c.o(i.I2C_Master_ISR_DMA) refers to stm32f3xx_hal_i2c.o(i.I2C_ITError) for I2C_ITError
    stm32f3xx_hal_i2c.o(i.I2C_Master_ISR_DMA) refers to stm32f3xx_hal_i2c.o(i.I2C_ITMasterCplt) for I2C_ITMasterCplt
    stm32f3xx_hal_i2c.o(i.I2C_Master_ISR_IT) refers to stm32f3xx_hal_i2c.o(i.I2C_Flush_TXDR) for I2C_Flush_TXDR
    stm32f3xx_hal_i2c.o(i.I2C_Master_ISR_IT) refers to stm32f3xx_hal_i2c.o(i.I2C_TransferConfig) for I2C_TransferConfig
    stm32f3xx_hal_i2c.o(i.I2C_Master_ISR_IT) refers to stm32f3xx_hal_i2c.o(i.I2C_ITError) for I2C_ITError
    stm32f3xx_hal_i2c.o(i.I2C_Master_ISR_IT) refers to stm32f3xx_hal_i2c.o(i.I2C_ITMasterCplt) for I2C_ITMasterCplt
    stm32f3xx_hal_i2c.o(i.I2C_Master_ISR_IT) refers to stm32f3xx_hal_i2c.o(i.I2C_ITMasterSequentialCplt) for I2C_ITMasterSequentialCplt
    stm32f3xx_hal_i2c.o(i.I2C_RequestMemoryRead) refers to stm32f3xx_hal_i2c.o(i.I2C_TransferConfig) for I2C_TransferConfig
    stm32f3xx_hal_i2c.o(i.I2C_RequestMemoryRead) refers to stm32f3xx_hal_i2c.o(i.I2C_WaitOnTXISFlagUntilTimeout) for I2C_WaitOnTXISFlagUntilTimeout
    stm32f3xx_hal_i2c.o(i.I2C_RequestMemoryRead) refers to stm32f3xx_hal_i2c.o(i.I2C_WaitOnFlagUntilTimeout) for I2C_WaitOnFlagUntilTimeout
    stm32f3xx_hal_i2c.o(i.I2C_RequestMemoryWrite) refers to stm32f3xx_hal_i2c.o(i.I2C_TransferConfig) for I2C_TransferConfig
    stm32f3xx_hal_i2c.o(i.I2C_RequestMemoryWrite) refers to stm32f3xx_hal_i2c.o(i.I2C_WaitOnTXISFlagUntilTimeout) for I2C_WaitOnTXISFlagUntilTimeout
    stm32f3xx_hal_i2c.o(i.I2C_RequestMemoryWrite) refers to stm32f3xx_hal_i2c.o(i.I2C_WaitOnFlagUntilTimeout) for I2C_WaitOnFlagUntilTimeout
    stm32f3xx_hal_i2c.o(i.I2C_Slave_ISR_DMA) refers to stm32f3xx_hal_i2c.o(i.I2C_ITSlaveCplt) for I2C_ITSlaveCplt
    stm32f3xx_hal_i2c.o(i.I2C_Slave_ISR_IT) refers to stm32f3xx_hal_i2c.o(i.I2C_ITListenCplt) for I2C_ITListenCplt
    stm32f3xx_hal_i2c.o(i.I2C_Slave_ISR_IT) refers to stm32f3xx_hal_i2c.o(i.I2C_Flush_TXDR) for I2C_Flush_TXDR
    stm32f3xx_hal_i2c.o(i.I2C_Slave_ISR_IT) refers to stm32f3xx_hal_i2c.o(i.I2C_ITAddrCplt) for I2C_ITAddrCplt
    stm32f3xx_hal_i2c.o(i.I2C_Slave_ISR_IT) refers to stm32f3xx_hal_i2c.o(i.I2C_ITSlaveSequentialCplt) for I2C_ITSlaveSequentialCplt
    stm32f3xx_hal_i2c.o(i.I2C_Slave_ISR_IT) refers to stm32f3xx_hal_i2c.o(i.I2C_ITSlaveCplt) for I2C_ITSlaveCplt
    stm32f3xx_hal_i2c.o(i.I2C_WaitOnFlagUntilTimeout) refers to stm32f3xx_hal.o(i.HAL_GetTick) for HAL_GetTick
    stm32f3xx_hal_i2c.o(i.I2C_WaitOnRXNEFlagUntilTimeout) refers to stm32f3xx_hal_i2c.o(i.I2C_IsAcknowledgeFailed) for I2C_IsAcknowledgeFailed
    stm32f3xx_hal_i2c.o(i.I2C_WaitOnRXNEFlagUntilTimeout) refers to stm32f3xx_hal.o(i.HAL_GetTick) for HAL_GetTick
    stm32f3xx_hal_i2c.o(i.I2C_WaitOnSTOPFlagUntilTimeout) refers to stm32f3xx_hal_i2c.o(i.I2C_IsAcknowledgeFailed) for I2C_IsAcknowledgeFailed
    stm32f3xx_hal_i2c.o(i.I2C_WaitOnSTOPFlagUntilTimeout) refers to stm32f3xx_hal.o(i.HAL_GetTick) for HAL_GetTick
    stm32f3xx_hal_i2c.o(i.I2C_WaitOnTXISFlagUntilTimeout) refers to stm32f3xx_hal_i2c.o(i.I2C_IsAcknowledgeFailed) for I2C_IsAcknowledgeFailed
    stm32f3xx_hal_i2c.o(i.I2C_WaitOnTXISFlagUntilTimeout) refers to stm32f3xx_hal.o(i.HAL_GetTick) for HAL_GetTick
    stm32f3xx_hal_flash.o(i.FLASH_Program_HalfWord) refers to stm32f3xx_hal_flash.o(.bss) for .bss
    stm32f3xx_hal_flash.o(i.FLASH_SetErrorCode) refers to stm32f3xx_hal_flash.o(.bss) for .bss
    stm32f3xx_hal_flash.o(i.FLASH_WaitForLastOperation) refers to stm32f3xx_hal.o(i.HAL_GetTick) for HAL_GetTick
    stm32f3xx_hal_flash.o(i.FLASH_WaitForLastOperation) refers to stm32f3xx_hal_flash.o(i.FLASH_SetErrorCode) for FLASH_SetErrorCode
    stm32f3xx_hal_flash.o(i.HAL_FLASH_GetError) refers to stm32f3xx_hal_flash.o(.bss) for .bss
    stm32f3xx_hal_flash.o(i.HAL_FLASH_IRQHandler) refers to stm32f3xx_hal_flash.o(i.FLASH_SetErrorCode) for FLASH_SetErrorCode
    stm32f3xx_hal_flash.o(i.HAL_FLASH_IRQHandler) refers to stm32f3xx_hal_flash.o(i.HAL_FLASH_OperationErrorCallback) for HAL_FLASH_OperationErrorCallback
    stm32f3xx_hal_flash.o(i.HAL_FLASH_IRQHandler) refers to stm32f3xx_hal_flash.o(i.FLASH_Program_HalfWord) for FLASH_Program_HalfWord
    stm32f3xx_hal_flash.o(i.HAL_FLASH_IRQHandler) refers to stm32f3xx_hal_flash.o(i.HAL_FLASH_EndOfOperationCallback) for HAL_FLASH_EndOfOperationCallback
    stm32f3xx_hal_flash.o(i.HAL_FLASH_IRQHandler) refers to stm32f3xx_hal_flash_ex.o(i.FLASH_PageErase) for FLASH_PageErase
    stm32f3xx_hal_flash.o(i.HAL_FLASH_IRQHandler) refers to stm32f3xx_hal_flash.o(.bss) for .bss
    stm32f3xx_hal_flash.o(i.HAL_FLASH_OB_Launch) refers to stm32f3xx_hal_flash.o(i.FLASH_WaitForLastOperation) for FLASH_WaitForLastOperation
    stm32f3xx_hal_flash.o(i.HAL_FLASH_Program) refers to stm32f3xx_hal_flash.o(i.FLASH_WaitForLastOperation) for FLASH_WaitForLastOperation
    stm32f3xx_hal_flash.o(i.HAL_FLASH_Program) refers to llushr.o(.text) for __aeabi_llsr
    stm32f3xx_hal_flash.o(i.HAL_FLASH_Program) refers to stm32f3xx_hal_flash.o(i.FLASH_Program_HalfWord) for FLASH_Program_HalfWord
    stm32f3xx_hal_flash.o(i.HAL_FLASH_Program) refers to stm32f3xx_hal_flash.o(.bss) for .bss
    stm32f3xx_hal_flash.o(i.HAL_FLASH_Program_IT) refers to stm32f3xx_hal_flash.o(i.FLASH_Program_HalfWord) for FLASH_Program_HalfWord
    stm32f3xx_hal_flash.o(i.HAL_FLASH_Program_IT) refers to stm32f3xx_hal_flash.o(.bss) for .bss
    stm32f3xx_hal.o(i.HAL_DeInit) refers to stm32f3xx_hal.o(i.HAL_MspDeInit) for HAL_MspDeInit
    stm32f3xx_hal.o(i.HAL_Delay) refers to stm32f3xx_hal.o(i.HAL_GetTick) for HAL_GetTick
    stm32f3xx_hal.o(i.HAL_GetTick) refers to stm32f3xx_hal.o(.data) for .data
    stm32f3xx_hal.o(i.HAL_IncTick) refers to stm32f3xx_hal.o(.data) for .data
    stm32f3xx_hal.o(i.HAL_Init) refers to stm32f3xx_hal_cortex.o(i.HAL_NVIC_SetPriorityGrouping) for HAL_NVIC_SetPriorityGrouping
    stm32f3xx_hal.o(i.HAL_Init) refers to stm32f3xx_hal.o(i.HAL_InitTick) for HAL_InitTick
    stm32f3xx_hal.o(i.HAL_Init) refers to stm32f3xx_hal_msp.o(i.HAL_MspInit) for HAL_MspInit
    stm32f3xx_hal.o(i.HAL_InitTick) refers to stm32f3xx_hal_cortex.o(i.HAL_SYSTICK_Config) for HAL_SYSTICK_Config
    stm32f3xx_hal.o(i.HAL_InitTick) refers to stm32f3xx_hal_cortex.o(i.HAL_NVIC_SetPriority) for HAL_NVIC_SetPriority
    stm32f3xx_hal.o(i.HAL_InitTick) refers to system_stm32f3xx.o(.data) for SystemCoreClock
    startup_stm32f303xc.o(RESET) refers to startup_stm32f303xc.o(STACK) for __initial_sp
    startup_stm32f303xc.o(RESET) refers to startup_stm32f303xc.o(.text) for Reset_Handler
    startup_stm32f303xc.o(RESET) refers to stm32f3xx_it.o(i.SysTick_Handler) for SysTick_Handler
    startup_stm32f303xc.o(.text) refers to system_stm32f3xx.o(i.SystemInit) for SystemInit
    startup_stm32f303xc.o(.text) refers to entry.o(.ARM.Collect$$$$00000000) for __main
    main.o(i.LCD_Configuration) refers to stm32f3xx_hal_gpio.o(i.HAL_GPIO_WritePin) for HAL_GPIO_WritePin
    main.o(i.LCD_Configuration) refers to stm32f3xx_hal_gpio.o(i.HAL_GPIO_Init) for HAL_GPIO_Init
    main.o(i.SystemClock_Config) refers to stm32f3xx_hal_rcc.o(i.HAL_RCC_OscConfig) for HAL_RCC_OscConfig
    main.o(i.SystemClock_Config) refers to stm32f3xx_hal_rcc.o(i.HAL_RCC_ClockConfig) for HAL_RCC_ClockConfig
    main.o(i.SystemClock_Config) refers to stm32f3xx_hal_rcc.o(i.HAL_RCC_GetHCLKFreq) for HAL_RCC_GetHCLKFreq
    main.o(i.SystemClock_Config) refers to stm32f3xx_hal_cortex.o(i.HAL_SYSTICK_Config) for HAL_SYSTICK_Config
    main.o(i.SystemClock_Config) refers to stm32f3xx_hal_cortex.o(i.HAL_SYSTICK_CLKSourceConfig) for HAL_SYSTICK_CLKSourceConfig
    main.o(i.SystemClock_Config) refers to stm32f3xx_hal_cortex.o(i.HAL_NVIC_SetPriority) for HAL_NVIC_SetPriority
    main.o(i.main) refers to stm32f3xx_hal.o(i.HAL_Init) for HAL_Init
    main.o(i.main) refers to main.o(i.SystemClock_Config) for SystemClock_Config
    main.o(i.main) refers to gpio.o(i.MX_GPIO_Init) for MX_GPIO_Init
    main.o(i.main) refers to main.o(i.LCD_Configuration) for LCD_Configuration
    main.o(i.main) refers to stm32f3xx_hal.o(i.HAL_Delay) for HAL_Delay
    main.o(i.main) refers to lcd.o(i.LCD_Initializtion) for LCD_Initializtion
    main.o(i.main) refers to lcd.o(i.LCD_Clear) for LCD_Clear
    main.o(i.main) refers to lcd.o(i.convert) for convert
    main.o(i.main) refers to lcd.o(i.GUI_Text) for GUI_Text
    stm32f3xx_hal_msp.o(i.HAL_MspInit) refers to stm32f3xx_hal_cortex.o(i.HAL_NVIC_SetPriorityGrouping) for HAL_NVIC_SetPriorityGrouping
    stm32f3xx_hal_msp.o(i.HAL_MspInit) refers to stm32f3xx_hal_cortex.o(i.HAL_NVIC_SetPriority) for HAL_NVIC_SetPriority
    stm32f3xx_it.o(i.SysTick_Handler) refers to stm32f3xx_hal.o(i.HAL_IncTick) for HAL_IncTick
    stm32f3xx_it.o(i.SysTick_Handler) refers to stm32f3xx_hal_cortex.o(i.HAL_SYSTICK_IRQHandler) for HAL_SYSTICK_IRQHandler
    gpio.o(i.MX_GPIO_Init) refers to stm32f3xx_hal_gpio.o(i.HAL_GPIO_WritePin) for HAL_GPIO_WritePin
    gpio.o(i.MX_GPIO_Init) refers to stm32f3xx_hal_gpio.o(i.HAL_GPIO_Init) for HAL_GPIO_Init
    asciilib.o(i.GetASCIICode) refers to memcpya.o(.text) for __aeabi_memcpy
    asciilib.o(i.GetASCIICode) refers to asciilib.o(.constdata) for .constdata
    hzlib.o(i.GetGBKCode) refers to memcpya.o(.text) for __aeabi_memcpy
    hzlib.o(i.GetGBKCode) refers to hzlib.o(.constdata) for .constdata
    lcd.o(i.GUI_Text) refers to lcd.o(i.PutChar) for PutChar
    lcd.o(i.GUI_Text) refers to strlen.o(.text) for strlen
    lcd.o(i.LCD_Clear) refers to lcd.o(i.LCD_SetCursor) for LCD_SetCursor
    lcd.o(i.LCD_Clear) refers to lcd.o(i.LCD_WriteIndex) for LCD_WriteIndex
    lcd.o(i.LCD_Clear) refers to lcd.o(i.LCD_WriteData) for LCD_WriteData
    lcd.o(i.LCD_Clear) refers to lcd.o(i.LCD_WriteReg) for LCD_WriteReg
    lcd.o(i.LCD_Clear) refers to lcd.o(.data) for .data
    lcd.o(i.LCD_DrawLine) refers to lcd.o(i.LCD_SetPoint) for LCD_SetPoint
    lcd.o(i.LCD_GetPoint) refers to lcd.o(i.LCD_SetCursor) for LCD_SetCursor
    lcd.o(i.LCD_GetPoint) refers to lcd.o(i.LCD_WriteIndex) for LCD_WriteIndex
    lcd.o(i.LCD_GetPoint) refers to lcd.o(i.LCD_ReadData) for LCD_ReadData
    lcd.o(i.LCD_GetPoint) refers to lcd.o(.data) for .data
    lcd.o(i.LCD_Initializtion) refers to stm32f3xx_hal_gpio.o(i.HAL_GPIO_WritePin) for HAL_GPIO_WritePin
    lcd.o(i.LCD_Initializtion) refers to stm32f3xx_hal.o(i.HAL_Delay) for HAL_Delay
    lcd.o(i.LCD_Initializtion) refers to lcd.o(i.LCD_ReadReg) for LCD_ReadReg
    lcd.o(i.LCD_Initializtion) refers to lcd.o(i.LCD_WriteReg) for LCD_WriteReg
    lcd.o(i.LCD_Initializtion) refers to lcd.o(.data) for .data
    lcd.o(i.LCD_ReadData) refers to stm32f3xx_hal_gpio.o(i.HAL_GPIO_Init) for HAL_GPIO_Init
    lcd.o(i.LCD_ReadReg) refers to lcd.o(i.LCD_WriteIndex) for LCD_WriteIndex
    lcd.o(i.LCD_ReadReg) refers to lcd.o(i.LCD_ReadData) for LCD_ReadData
    lcd.o(i.LCD_SetCursor) refers to lcd.o(i.LCD_WriteReg) for LCD_WriteReg
    lcd.o(i.LCD_SetCursor) refers to lcd.o(.data) for .data
    lcd.o(i.LCD_SetPoint) refers to lcd.o(i.LCD_SetCursor) for LCD_SetCursor
    lcd.o(i.LCD_SetPoint) refers to lcd.o(i.LCD_WriteReg) for LCD_WriteReg
    lcd.o(i.LCD_WriteData) refers to stm32f3xx_hal.o(i.HAL_Delay) for HAL_Delay
    lcd.o(i.LCD_WriteIndex) refers to stm32f3xx_hal.o(i.HAL_Delay) for HAL_Delay
    lcd.o(i.LCD_WriteReg) refers to lcd.o(i.LCD_WriteIndex) for LCD_WriteIndex
    lcd.o(i.LCD_WriteReg) refers to lcd.o(i.LCD_WriteData) for LCD_WriteData
    lcd.o(i.PutChar) refers to asciilib.o(i.GetASCIICode) for GetASCIICode
    lcd.o(i.PutChar) refers to lcd.o(i.LCD_SetPoint) for LCD_SetPoint
    lcd.o(i.convert) refers to lcd.o(i.isLatin) for isLatin
    lcd.o(i.convert) refers to lcd.o(i.isValueInAlphabet) for isValueInAlphabet
    lcd.o(i.convert) refers to strlen.o(.text) for strlen
    lcd.o(i.convert) refers to lcd.o(.bss) for .bss
    lcd.o(i.isValueInAlphabet) refers to memcpya.o(.text) for __aeabi_memcpy4
    lcd.o(i.isValueInAlphabet) refers to lcd.o(.constdata) for .constdata
    lcd.o(.constdata) refers to lcd.o(.conststring) for .conststring
    entry.o(.ARM.Collect$$$$00000000) refers (Special) to entry10a.o(.ARM.Collect$$$$0000000D) for __rt_final_cpp
    entry.o(.ARM.Collect$$$$00000000) refers (Special) to entry11a.o(.ARM.Collect$$$$0000000F) for __rt_final_exit
    entry.o(.ARM.Collect$$$$00000000) refers (Special) to entry7b.o(.ARM.Collect$$$$00000008) for _main_clock
    entry.o(.ARM.Collect$$$$00000000) refers (Special) to entry8b.o(.ARM.Collect$$$$0000000A) for _main_cpp_init
    entry.o(.ARM.Collect$$$$00000000) refers (Special) to entry9a.o(.ARM.Collect$$$$0000000B) for _main_init
    entry.o(.ARM.Collect$$$$00000000) refers (Special) to entry5.o(.ARM.Collect$$$$00000004) for _main_scatterload
    entry.o(.ARM.Collect$$$$00000000) refers (Special) to entry2.o(.ARM.Collect$$$$00000001) for _main_stk
    entry2.o(.ARM.Collect$$$$00000001) refers to entry2.o(.ARM.Collect$$$$00002712) for __lit__00000000
    entry2.o(.ARM.Collect$$$$00002712) refers to startup_stm32f303xc.o(STACK) for __initial_sp
    entry2.o(__vectab_stack_and_reset_area) refers to startup_stm32f303xc.o(STACK) for __initial_sp
    entry2.o(__vectab_stack_and_reset_area) refers to entry.o(.ARM.Collect$$$$00000000) for __main
    entry5.o(.ARM.Collect$$$$00000004) refers to init.o(.text) for __scatterload
    entry9a.o(.ARM.Collect$$$$0000000B) refers to main.o(i.main) for main
    entry9b.o(.ARM.Collect$$$$0000000C) refers to main.o(i.main) for main
    init.o(.text) refers to entry5.o(.ARM.Collect$$$$00000004) for __main_after_scatterload


==============================================================================

Removing Unused input sections from the image.

    Removing system_stm32f3xx.o(.rev16_text), (4 bytes).
    Removing system_stm32f3xx.o(.revsh_text), (4 bytes).
    Removing system_stm32f3xx.o(.rrx_text), (6 bytes).
    Removing system_stm32f3xx.o(i.SystemCoreClockUpdate), (112 bytes).
    Removing system_stm32f3xx.o(.constdata), (8 bytes).
    Removing stm32f3xx_hal_pwr_ex.o(.rev16_text), (4 bytes).
    Removing stm32f3xx_hal_pwr_ex.o(.revsh_text), (4 bytes).
    Removing stm32f3xx_hal_pwr_ex.o(.rrx_text), (6 bytes).
    Removing stm32f3xx_hal_pwr_ex.o(i.HAL_PWR_ConfigPVD), (124 bytes).
    Removing stm32f3xx_hal_pwr_ex.o(i.HAL_PWR_DisablePVD), (16 bytes).
    Removing stm32f3xx_hal_pwr_ex.o(i.HAL_PWR_EnablePVD), (16 bytes).
    Removing stm32f3xx_hal_pwr_ex.o(i.HAL_PWR_PVDCallback), (2 bytes).
    Removing stm32f3xx_hal_pwr_ex.o(i.HAL_PWR_PVD_IRQHandler), (28 bytes).
    Removing stm32f3xx_hal_i2c_ex.o(.rev16_text), (4 bytes).
    Removing stm32f3xx_hal_i2c_ex.o(.revsh_text), (4 bytes).
    Removing stm32f3xx_hal_i2c_ex.o(.rrx_text), (6 bytes).
    Removing stm32f3xx_hal_i2c_ex.o(i.HAL_I2CEx_ConfigAnalogFilter), (86 bytes).
    Removing stm32f3xx_hal_i2c_ex.o(i.HAL_I2CEx_ConfigDigitalFilter), (82 bytes).
    Removing stm32f3xx_hal_i2c_ex.o(i.HAL_I2CEx_DisableFastModePlus), (40 bytes).
    Removing stm32f3xx_hal_i2c_ex.o(i.HAL_I2CEx_DisableWakeUp), (78 bytes).
    Removing stm32f3xx_hal_i2c_ex.o(i.HAL_I2CEx_EnableFastModePlus), (40 bytes).
    Removing stm32f3xx_hal_i2c_ex.o(i.HAL_I2CEx_EnableWakeUp), (78 bytes).
    Removing stm32f3xx_hal_cortex.o(.rev16_text), (4 bytes).
    Removing stm32f3xx_hal_cortex.o(.revsh_text), (4 bytes).
    Removing stm32f3xx_hal_cortex.o(.rrx_text), (6 bytes).
    Removing stm32f3xx_hal_cortex.o(i.HAL_MPU_ConfigRegion), (84 bytes).
    Removing stm32f3xx_hal_cortex.o(i.HAL_MPU_Disable), (24 bytes).
    Removing stm32f3xx_hal_cortex.o(i.HAL_MPU_Enable), (28 bytes).
    Removing stm32f3xx_hal_cortex.o(i.HAL_NVIC_ClearPendingIRQ), (22 bytes).
    Removing stm32f3xx_hal_cortex.o(i.HAL_NVIC_DisableIRQ), (22 bytes).
    Removing stm32f3xx_hal_cortex.o(i.HAL_NVIC_EnableIRQ), (22 bytes).
    Removing stm32f3xx_hal_cortex.o(i.HAL_NVIC_GetActive), (32 bytes).
    Removing stm32f3xx_hal_cortex.o(i.HAL_NVIC_GetPendingIRQ), (32 bytes).
    Removing stm32f3xx_hal_cortex.o(i.HAL_NVIC_GetPriority), (82 bytes).
    Removing stm32f3xx_hal_cortex.o(i.HAL_NVIC_GetPriorityGrouping), (16 bytes).
    Removing stm32f3xx_hal_cortex.o(i.HAL_NVIC_SetPendingIRQ), (22 bytes).
    Removing stm32f3xx_hal_cortex.o(i.HAL_NVIC_SystemReset), (36 bytes).
    Removing stm32f3xx_hal_rcc_ex.o(.rev16_text), (4 bytes).
    Removing stm32f3xx_hal_rcc_ex.o(.revsh_text), (4 bytes).
    Removing stm32f3xx_hal_rcc_ex.o(.rrx_text), (6 bytes).
    Removing stm32f3xx_hal_rcc_ex.o(i.HAL_RCCEx_GetPeriphCLKConfig), (188 bytes).
    Removing stm32f3xx_hal_rcc_ex.o(i.HAL_RCCEx_GetPeriphCLKFreq), (568 bytes).
    Removing stm32f3xx_hal_rcc_ex.o(i.HAL_RCCEx_PeriphCLKConfig), (536 bytes).
    Removing stm32f3xx_hal_rcc_ex.o(i.RCC_GetPLLCLKFreq), (60 bytes).
    Removing stm32f3xx_hal_rcc_ex.o(.constdata), (24 bytes).
    Removing stm32f3xx_hal_flash_ex.o(.rev16_text), (4 bytes).
    Removing stm32f3xx_hal_flash_ex.o(.revsh_text), (4 bytes).
    Removing stm32f3xx_hal_flash_ex.o(.rrx_text), (6 bytes).
    Removing stm32f3xx_hal_flash_ex.o(i.FLASH_MassErase), (36 bytes).
    Removing stm32f3xx_hal_flash_ex.o(i.FLASH_OB_DisableWRP), (176 bytes).
    Removing stm32f3xx_hal_flash_ex.o(i.FLASH_OB_EnableWRP), (176 bytes).
    Removing stm32f3xx_hal_flash_ex.o(i.FLASH_OB_GetRDP), (32 bytes).
    Removing stm32f3xx_hal_flash_ex.o(i.FLASH_OB_RDP_LevelConfig), (100 bytes).
    Removing stm32f3xx_hal_flash_ex.o(i.FLASH_PageErase), (36 bytes).
    Removing stm32f3xx_hal_flash_ex.o(i.HAL_FLASHEx_Erase), (168 bytes).
    Removing stm32f3xx_hal_flash_ex.o(i.HAL_FLASHEx_Erase_IT), (84 bytes).
    Removing stm32f3xx_hal_flash_ex.o(i.HAL_FLASHEx_OBErase), (84 bytes).
    Removing stm32f3xx_hal_flash_ex.o(i.HAL_FLASHEx_OBGetConfig), (48 bytes).
    Removing stm32f3xx_hal_flash_ex.o(i.HAL_FLASHEx_OBGetUserData), (48 bytes).
    Removing stm32f3xx_hal_flash_ex.o(i.HAL_FLASHEx_OBProgram), (200 bytes).
    Removing stm32f3xx_hal_rcc.o(.rev16_text), (4 bytes).
    Removing stm32f3xx_hal_rcc.o(.revsh_text), (4 bytes).
    Removing stm32f3xx_hal_rcc.o(.rrx_text), (6 bytes).
    Removing stm32f3xx_hal_rcc.o(i.HAL_RCC_CSSCallback), (2 bytes).
    Removing stm32f3xx_hal_rcc.o(i.HAL_RCC_DeInit), (72 bytes).
    Removing stm32f3xx_hal_rcc.o(i.HAL_RCC_DisableCSS), (28 bytes).
    Removing stm32f3xx_hal_rcc.o(i.HAL_RCC_EnableCSS), (24 bytes).
    Removing stm32f3xx_hal_rcc.o(i.HAL_RCC_GetClockConfig), (64 bytes).
    Removing stm32f3xx_hal_rcc.o(i.HAL_RCC_GetOscConfig), (156 bytes).
    Removing stm32f3xx_hal_rcc.o(i.HAL_RCC_GetPCLK1Freq), (48 bytes).
    Removing stm32f3xx_hal_rcc.o(i.HAL_RCC_GetPCLK2Freq), (48 bytes).
    Removing stm32f3xx_hal_rcc.o(i.HAL_RCC_MCOConfig), (80 bytes).
    Removing stm32f3xx_hal_rcc.o(i.HAL_RCC_NMI_IRQHandler), (24 bytes).
    Removing stm32f3xx_hal_gpio.o(.rev16_text), (4 bytes).
    Removing stm32f3xx_hal_gpio.o(.revsh_text), (4 bytes).
    Removing stm32f3xx_hal_gpio.o(.rrx_text), (6 bytes).
    Removing stm32f3xx_hal_gpio.o(i.HAL_GPIO_DeInit), (284 bytes).
    Removing stm32f3xx_hal_gpio.o(i.HAL_GPIO_EXTI_Callback), (2 bytes).
    Removing stm32f3xx_hal_gpio.o(i.HAL_GPIO_EXTI_IRQHandler), (24 bytes).
    Removing stm32f3xx_hal_gpio.o(i.HAL_GPIO_LockPin), (34 bytes).
    Removing stm32f3xx_hal_gpio.o(i.HAL_GPIO_ReadPin), (10 bytes).
    Removing stm32f3xx_hal_gpio.o(i.HAL_GPIO_TogglePin), (8 bytes).
    Removing stm32f3xx_hal_dma.o(.rev16_text), (4 bytes).
    Removing stm32f3xx_hal_dma.o(.revsh_text), (4 bytes).
    Removing stm32f3xx_hal_dma.o(.rrx_text), (6 bytes).
    Removing stm32f3xx_hal_dma.o(i.DMA_CalcBaseAndBitshift), (60 bytes).
    Removing stm32f3xx_hal_dma.o(i.DMA_SetConfig), (42 bytes).
    Removing stm32f3xx_hal_dma.o(i.HAL_DMA_Abort), (48 bytes).
    Removing stm32f3xx_hal_dma.o(i.HAL_DMA_Abort_IT), (74 bytes).
    Removing stm32f3xx_hal_dma.o(i.HAL_DMA_DeInit), (70 bytes).
    Removing stm32f3xx_hal_dma.o(i.HAL_DMA_GetError), (4 bytes).
    Removing stm32f3xx_hal_dma.o(i.HAL_DMA_GetState), (6 bytes).
    Removing stm32f3xx_hal_dma.o(i.HAL_DMA_IRQHandler), (168 bytes).
    Removing stm32f3xx_hal_dma.o(i.HAL_DMA_Init), (86 bytes).
    Removing stm32f3xx_hal_dma.o(i.HAL_DMA_PollForTransfer), (206 bytes).
    Removing stm32f3xx_hal_dma.o(i.HAL_DMA_RegisterCallback), (74 bytes).
    Removing stm32f3xx_hal_dma.o(i.HAL_DMA_Start), (80 bytes).
    Removing stm32f3xx_hal_dma.o(i.HAL_DMA_Start_IT), (112 bytes).
    Removing stm32f3xx_hal_dma.o(i.HAL_DMA_UnRegisterCallback), (82 bytes).
    Removing stm32f3xx_hal_i2c.o(.rev16_text), (4 bytes).
    Removing stm32f3xx_hal_i2c.o(.revsh_text), (4 bytes).
    Removing stm32f3xx_hal_i2c.o(.rrx_text), (6 bytes).
    Removing stm32f3xx_hal_i2c.o(i.HAL_I2C_AbortCpltCallback), (2 bytes).
    Removing stm32f3xx_hal_i2c.o(i.HAL_I2C_AddrCallback), (2 bytes).
    Removing stm32f3xx_hal_i2c.o(i.HAL_I2C_DeInit), (50 bytes).
    Removing stm32f3xx_hal_i2c.o(i.HAL_I2C_DisableListen_IT), (54 bytes).
    Removing stm32f3xx_hal_i2c.o(i.HAL_I2C_ER_IRQHandler), (98 bytes).
    Removing stm32f3xx_hal_i2c.o(i.HAL_I2C_EV_IRQHandler), (16 bytes).
    Removing stm32f3xx_hal_i2c.o(i.HAL_I2C_EnableListen_IT), (40 bytes).
    Removing stm32f3xx_hal_i2c.o(i.HAL_I2C_ErrorCallback), (2 bytes).
    Removing stm32f3xx_hal_i2c.o(i.HAL_I2C_GetError), (4 bytes).
    Removing stm32f3xx_hal_i2c.o(i.HAL_I2C_GetMode), (6 bytes).
    Removing stm32f3xx_hal_i2c.o(i.HAL_I2C_GetState), (6 bytes).
    Removing stm32f3xx_hal_i2c.o(i.HAL_I2C_Init), (184 bytes).
    Removing stm32f3xx_hal_i2c.o(i.HAL_I2C_IsDeviceReady), (288 bytes).
    Removing stm32f3xx_hal_i2c.o(i.HAL_I2C_ListenCpltCallback), (2 bytes).
    Removing stm32f3xx_hal_i2c.o(i.HAL_I2C_MasterRxCpltCallback), (2 bytes).
    Removing stm32f3xx_hal_i2c.o(i.HAL_I2C_MasterTxCpltCallback), (2 bytes).
    Removing stm32f3xx_hal_i2c.o(i.HAL_I2C_Master_Abort_IT), (94 bytes).
    Removing stm32f3xx_hal_i2c.o(i.HAL_I2C_Master_Receive), (304 bytes).
    Removing stm32f3xx_hal_i2c.o(i.HAL_I2C_Master_Receive_DMA), (240 bytes).
    Removing stm32f3xx_hal_i2c.o(i.HAL_I2C_Master_Receive_IT), (132 bytes).
    Removing stm32f3xx_hal_i2c.o(i.HAL_I2C_Master_Sequential_Receive_IT), (124 bytes).
    Removing stm32f3xx_hal_i2c.o(i.HAL_I2C_Master_Sequential_Transmit_IT), (124 bytes).
    Removing stm32f3xx_hal_i2c.o(i.HAL_I2C_Master_Transmit), (296 bytes).
    Removing stm32f3xx_hal_i2c.o(i.HAL_I2C_Master_Transmit_DMA), (244 bytes).
    Removing stm32f3xx_hal_i2c.o(i.HAL_I2C_Master_Transmit_IT), (132 bytes).
    Removing stm32f3xx_hal_i2c.o(i.HAL_I2C_MemRxCpltCallback), (2 bytes).
    Removing stm32f3xx_hal_i2c.o(i.HAL_I2C_MemTxCpltCallback), (2 bytes).
    Removing stm32f3xx_hal_i2c.o(i.HAL_I2C_Mem_Read), (364 bytes).
    Removing stm32f3xx_hal_i2c.o(i.HAL_I2C_Mem_Read_DMA), (264 bytes).
    Removing stm32f3xx_hal_i2c.o(i.HAL_I2C_Mem_Read_IT), (204 bytes).
    Removing stm32f3xx_hal_i2c.o(i.HAL_I2C_Mem_Write), (360 bytes).
    Removing stm32f3xx_hal_i2c.o(i.HAL_I2C_Mem_Write_DMA), (260 bytes).
    Removing stm32f3xx_hal_i2c.o(i.HAL_I2C_Mem_Write_IT), (200 bytes).
    Removing stm32f3xx_hal_i2c.o(i.HAL_I2C_MspDeInit), (2 bytes).
    Removing stm32f3xx_hal_i2c.o(i.HAL_I2C_MspInit), (2 bytes).
    Removing stm32f3xx_hal_i2c.o(i.HAL_I2C_SlaveRxCpltCallback), (2 bytes).
    Removing stm32f3xx_hal_i2c.o(i.HAL_I2C_SlaveTxCpltCallback), (2 bytes).
    Removing stm32f3xx_hal_i2c.o(i.HAL_I2C_Slave_Receive), (314 bytes).
    Removing stm32f3xx_hal_i2c.o(i.HAL_I2C_Slave_Receive_DMA), (164 bytes).
    Removing stm32f3xx_hal_i2c.o(i.HAL_I2C_Slave_Receive_IT), (92 bytes).
    Removing stm32f3xx_hal_i2c.o(i.HAL_I2C_Slave_Sequential_Receive_IT), (152 bytes).
    Removing stm32f3xx_hal_i2c.o(i.HAL_I2C_Slave_Sequential_Transmit_IT), (152 bytes).
    Removing stm32f3xx_hal_i2c.o(i.HAL_I2C_Slave_Transmit), (314 bytes).
    Removing stm32f3xx_hal_i2c.o(i.HAL_I2C_Slave_Transmit_DMA), (156 bytes).
    Removing stm32f3xx_hal_i2c.o(i.HAL_I2C_Slave_Transmit_IT), (92 bytes).
    Removing stm32f3xx_hal_i2c.o(i.I2C_DMAAbort), (50 bytes).
    Removing stm32f3xx_hal_i2c.o(i.I2C_DMAError), (18 bytes).
    Removing stm32f3xx_hal_i2c.o(i.I2C_DMAMasterReceiveCplt), (66 bytes).
    Removing stm32f3xx_hal_i2c.o(i.I2C_DMAMasterTransmitCplt), (66 bytes).
    Removing stm32f3xx_hal_i2c.o(i.I2C_DMASlaveReceiveCplt), (2 bytes).
    Removing stm32f3xx_hal_i2c.o(i.I2C_DMASlaveTransmitCplt), (2 bytes).
    Removing stm32f3xx_hal_i2c.o(i.I2C_Disable_IRQ), (86 bytes).
    Removing stm32f3xx_hal_i2c.o(i.I2C_Enable_IRQ), (96 bytes).
    Removing stm32f3xx_hal_i2c.o(i.I2C_Flush_TXDR), (34 bytes).
    Removing stm32f3xx_hal_i2c.o(i.I2C_ITAddrCplt), (136 bytes).
    Removing stm32f3xx_hal_i2c.o(i.I2C_ITError), (224 bytes).
    Removing stm32f3xx_hal_i2c.o(i.I2C_ITListenCplt), (92 bytes).
    Removing stm32f3xx_hal_i2c.o(i.I2C_ITMasterCplt), (180 bytes).
    Removing stm32f3xx_hal_i2c.o(i.I2C_ITMasterSequentialCplt), (76 bytes).
    Removing stm32f3xx_hal_i2c.o(i.I2C_ITSlaveCplt), (240 bytes).
    Removing stm32f3xx_hal_i2c.o(i.I2C_ITSlaveSequentialCplt), (84 bytes).
    Removing stm32f3xx_hal_i2c.o(i.I2C_IsAcknowledgeFailed), (124 bytes).
    Removing stm32f3xx_hal_i2c.o(i.I2C_Master_ISR_DMA), (196 bytes).
    Removing stm32f3xx_hal_i2c.o(i.I2C_Master_ISR_IT), (288 bytes).
    Removing stm32f3xx_hal_i2c.o(i.I2C_RequestMemoryRead), (110 bytes).
    Removing stm32f3xx_hal_i2c.o(i.I2C_RequestMemoryWrite), (110 bytes).
    Removing stm32f3xx_hal_i2c.o(i.I2C_Slave_ISR_DMA), (106 bytes).
    Removing stm32f3xx_hal_i2c.o(i.I2C_Slave_ISR_IT), (272 bytes).
    Removing stm32f3xx_hal_i2c.o(i.I2C_TransferConfig), (36 bytes).
    Removing stm32f3xx_hal_i2c.o(i.I2C_WaitOnFlagUntilTimeout), (82 bytes).
    Removing stm32f3xx_hal_i2c.o(i.I2C_WaitOnRXNEFlagUntilTimeout), (128 bytes).
    Removing stm32f3xx_hal_i2c.o(i.I2C_WaitOnSTOPFlagUntilTimeout), (78 bytes).
    Removing stm32f3xx_hal_i2c.o(i.I2C_WaitOnTXISFlagUntilTimeout), (82 bytes).
    Removing stm32f3xx_hal_flash.o(.rev16_text), (4 bytes).
    Removing stm32f3xx_hal_flash.o(.revsh_text), (4 bytes).
    Removing stm32f3xx_hal_flash.o(.rrx_text), (6 bytes).
    Removing stm32f3xx_hal_flash.o(i.FLASH_Program_HalfWord), (28 bytes).
    Removing stm32f3xx_hal_flash.o(i.FLASH_SetErrorCode), (52 bytes).
    Removing stm32f3xx_hal_flash.o(i.FLASH_WaitForLastOperation), (80 bytes).
    Removing stm32f3xx_hal_flash.o(i.HAL_FLASH_EndOfOperationCallback), (2 bytes).
    Removing stm32f3xx_hal_flash.o(i.HAL_FLASH_GetError), (12 bytes).
    Removing stm32f3xx_hal_flash.o(i.HAL_FLASH_IRQHandler), (264 bytes).
    Removing stm32f3xx_hal_flash.o(i.HAL_FLASH_Lock), (20 bytes).
    Removing stm32f3xx_hal_flash.o(i.HAL_FLASH_OB_Launch), (24 bytes).
    Removing stm32f3xx_hal_flash.o(i.HAL_FLASH_OB_Lock), (20 bytes).
    Removing stm32f3xx_hal_flash.o(i.HAL_FLASH_OB_Unlock), (36 bytes).
    Removing stm32f3xx_hal_flash.o(i.HAL_FLASH_OperationErrorCallback), (2 bytes).
    Removing stm32f3xx_hal_flash.o(i.HAL_FLASH_Program), (128 bytes).
    Removing stm32f3xx_hal_flash.o(i.HAL_FLASH_Program_IT), (100 bytes).
    Removing stm32f3xx_hal_flash.o(i.HAL_FLASH_Unlock), (36 bytes).
    Removing stm32f3xx_hal_flash.o(.bss), (32 bytes).
    Removing stm32f3xx_hal_tim.o(.rev16_text), (4 bytes).
    Removing stm32f3xx_hal_tim.o(.revsh_text), (4 bytes).
    Removing stm32f3xx_hal_tim.o(.rrx_text), (6 bytes).
    Removing stm32f3xx_hal_pwr.o(.rev16_text), (4 bytes).
    Removing stm32f3xx_hal_pwr.o(.revsh_text), (4 bytes).
    Removing stm32f3xx_hal_pwr.o(.rrx_text), (6 bytes).
    Removing stm32f3xx_hal_pwr.o(i.HAL_PWR_DeInit), (24 bytes).
    Removing stm32f3xx_hal_pwr.o(i.HAL_PWR_DisableBkUpAccess), (16 bytes).
    Removing stm32f3xx_hal_pwr.o(i.HAL_PWR_DisableSEVOnPend), (16 bytes).
    Removing stm32f3xx_hal_pwr.o(i.HAL_PWR_DisableSleepOnExit), (16 bytes).
    Removing stm32f3xx_hal_pwr.o(i.HAL_PWR_DisableWakeUpPin), (16 bytes).
    Removing stm32f3xx_hal_pwr.o(i.HAL_PWR_EnableBkUpAccess), (16 bytes).
    Removing stm32f3xx_hal_pwr.o(i.HAL_PWR_EnableSEVOnPend), (16 bytes).
    Removing stm32f3xx_hal_pwr.o(i.HAL_PWR_EnableSleepOnExit), (16 bytes).
    Removing stm32f3xx_hal_pwr.o(i.HAL_PWR_EnableWakeUpPin), (16 bytes).
    Removing stm32f3xx_hal_pwr.o(i.HAL_PWR_EnterSLEEPMode), (32 bytes).
    Removing stm32f3xx_hal_pwr.o(i.HAL_PWR_EnterSTANDBYMode), (32 bytes).
    Removing stm32f3xx_hal_pwr.o(i.HAL_PWR_EnterSTOPMode), (56 bytes).
    Removing stm32f3xx_hal_tim_ex.o(.rev16_text), (4 bytes).
    Removing stm32f3xx_hal_tim_ex.o(.revsh_text), (4 bytes).
    Removing stm32f3xx_hal_tim_ex.o(.rrx_text), (6 bytes).
    Removing stm32f3xx_hal.o(.rev16_text), (4 bytes).
    Removing stm32f3xx_hal.o(.revsh_text), (4 bytes).
    Removing stm32f3xx_hal.o(.rrx_text), (6 bytes).
    Removing stm32f3xx_hal.o(i.HAL_DBGMCU_DisableDBGSleepMode), (16 bytes).
    Removing stm32f3xx_hal.o(i.HAL_DBGMCU_DisableDBGStandbyMode), (16 bytes).
    Removing stm32f3xx_hal.o(i.HAL_DBGMCU_DisableDBGStopMode), (16 bytes).
    Removing stm32f3xx_hal.o(i.HAL_DBGMCU_EnableDBGSleepMode), (16 bytes).
    Removing stm32f3xx_hal.o(i.HAL_DBGMCU_EnableDBGStandbyMode), (16 bytes).
    Removing stm32f3xx_hal.o(i.HAL_DBGMCU_EnableDBGStopMode), (16 bytes).
    Removing stm32f3xx_hal.o(i.HAL_DeInit), (36 bytes).
    Removing stm32f3xx_hal.o(i.HAL_GetDEVID), (16 bytes).
    Removing stm32f3xx_hal.o(i.HAL_GetHalVersion), (6 bytes).
    Removing stm32f3xx_hal.o(i.HAL_GetREVID), (12 bytes).
    Removing stm32f3xx_hal.o(i.HAL_MspDeInit), (2 bytes).
    Removing stm32f3xx_hal.o(i.HAL_MspInit), (2 bytes).
    Removing stm32f3xx_hal.o(i.HAL_ResumeTick), (14 bytes).
    Removing stm32f3xx_hal.o(i.HAL_SuspendTick), (14 bytes).
    Removing startup_stm32f303xc.o(HEAP), (512 bytes).
    Removing main.o(.rev16_text), (4 bytes).
    Removing main.o(.revsh_text), (4 bytes).
    Removing main.o(.rrx_text), (6 bytes).
    Removing main.o(i.Delay), (10 bytes).
    Removing main.o(i.Error_Handler), (2 bytes).
    Removing stm32f3xx_hal_msp.o(.rev16_text), (4 bytes).
    Removing stm32f3xx_hal_msp.o(.revsh_text), (4 bytes).
    Removing stm32f3xx_hal_msp.o(.rrx_text), (6 bytes).
    Removing stm32f3xx_it.o(.rev16_text), (4 bytes).
    Removing stm32f3xx_it.o(.revsh_text), (4 bytes).
    Removing stm32f3xx_it.o(.rrx_text), (6 bytes).
    Removing gpio.o(.rev16_text), (4 bytes).
    Removing gpio.o(.revsh_text), (4 bytes).
    Removing gpio.o(.rrx_text), (6 bytes).
    Removing asciilib.o(.rev16_text), (4 bytes).
    Removing asciilib.o(.revsh_text), (4 bytes).
    Removing asciilib.o(.rrx_text), (6 bytes).
    Removing hzlib.o(i.GetGBKCode), (40 bytes).
    Removing hzlib.o(.constdata), (216576 bytes).
    Removing lcd.o(.rev16_text), (4 bytes).
    Removing lcd.o(.revsh_text), (4 bytes).
    Removing lcd.o(.rrx_text), (6 bytes).
    Removing lcd.o(i.LCD_DrawLine), (224 bytes).
    Removing lcd.o(i.LCD_GetPoint), (136 bytes).
    Removing lcd.o(i.delay_ms), (28 bytes).

257 unused section(s) (total 233456 bytes) removed from the image.

==============================================================================

Image Symbol Table

    Local Symbols

    Symbol Name                              Value     Ov Type        Size  Object(Section)

    ../Drivers/STM32F3xx_HAL_Driver/Src/stm32f3xx_hal.c 0x00000000   Number         0  stm32f3xx_hal.o ABSOLUTE
    ../Drivers/STM32F3xx_HAL_Driver/Src/stm32f3xx_hal_cortex.c 0x00000000   Number         0  stm32f3xx_hal_cortex.o ABSOLUTE
    ../Drivers/STM32F3xx_HAL_Driver/Src/stm32f3xx_hal_dma.c 0x00000000   Number         0  stm32f3xx_hal_dma.o ABSOLUTE
    ../Drivers/STM32F3xx_HAL_Driver/Src/stm32f3xx_hal_flash.c 0x00000000   Number         0  stm32f3xx_hal_flash.o ABSOLUTE
    ../Drivers/STM32F3xx_HAL_Driver/Src/stm32f3xx_hal_flash_ex.c 0x00000000   Number         0  stm32f3xx_hal_flash_ex.o ABSOLUTE
    ../Drivers/STM32F3xx_HAL_Driver/Src/stm32f3xx_hal_gpio.c 0x00000000   Number         0  stm32f3xx_hal_gpio.o ABSOLUTE
    ../Drivers/STM32F3xx_HAL_Driver/Src/stm32f3xx_hal_i2c.c 0x00000000   Number         0  stm32f3xx_hal_i2c.o ABSOLUTE
    ../Drivers/STM32F3xx_HAL_Driver/Src/stm32f3xx_hal_i2c_ex.c 0x00000000   Number         0  stm32f3xx_hal_i2c_ex.o ABSOLUTE
    ../Drivers/STM32F3xx_HAL_Driver/Src/stm32f3xx_hal_pwr.c 0x00000000   Number         0  stm32f3xx_hal_pwr.o ABSOLUTE
    ../Drivers/STM32F3xx_HAL_Driver/Src/stm32f3xx_hal_pwr_ex.c 0x00000000   Number         0  stm32f3xx_hal_pwr_ex.o ABSOLUTE
    ../Drivers/STM32F3xx_HAL_Driver/Src/stm32f3xx_hal_rcc.c 0x00000000   Number         0  stm32f3xx_hal_rcc.o ABSOLUTE
    ../Drivers/STM32F3xx_HAL_Driver/Src/stm32f3xx_hal_rcc_ex.c 0x00000000   Number         0  stm32f3xx_hal_rcc_ex.o ABSOLUTE
    ../Drivers/STM32F3xx_HAL_Driver/Src/stm32f3xx_hal_tim.c 0x00000000   Number         0  stm32f3xx_hal_tim.o ABSOLUTE
    ../Drivers/STM32F3xx_HAL_Driver/Src/stm32f3xx_hal_tim_ex.c 0x00000000   Number         0  stm32f3xx_hal_tim_ex.o ABSOLUTE
    ../Src/gpio.c                            0x00000000   Number         0  gpio.o ABSOLUTE
    ../Src/main.c                            0x00000000   Number         0  main.o ABSOLUTE
    ../Src/stm32f3xx_hal_msp.c               0x00000000   Number         0  stm32f3xx_hal_msp.o ABSOLUTE
    ../Src/stm32f3xx_it.c                    0x00000000   Number         0  stm32f3xx_it.o ABSOLUTE
    ../Src/system_stm32f3xx.c                0x00000000   Number         0  system_stm32f3xx.o ABSOLUTE
    ../clib/microlib/init/entry.s            0x00000000   Number         0  entry8b.o ABSOLUTE
    ../clib/microlib/init/entry.s            0x00000000   Number         0  entry11b.o ABSOLUTE
    ../clib/microlib/init/entry.s            0x00000000   Number         0  entry.o ABSOLUTE
    ../clib/microlib/init/entry.s            0x00000000   Number         0  entry11a.o ABSOLUTE
    ../clib/microlib/init/entry.s            0x00000000   Number         0  entry10a.o ABSOLUTE
    ../clib/microlib/init/entry.s            0x00000000   Number         0  entry9b.o ABSOLUTE
    ../clib/microlib/init/entry.s            0x00000000   Number         0  entry9a.o ABSOLUTE
    ../clib/microlib/init/entry.s            0x00000000   Number         0  entry10b.o ABSOLUTE
    ../clib/microlib/init/entry.s            0x00000000   Number         0  entry7a.o ABSOLUTE
    ../clib/microlib/init/entry.s            0x00000000   Number         0  entry7b.o ABSOLUTE
    ../clib/microlib/init/entry.s            0x00000000   Number         0  entry5.o ABSOLUTE
    ../clib/microlib/init/entry.s            0x00000000   Number         0  entry2.o ABSOLUTE
    ../clib/microlib/init/entry.s            0x00000000   Number         0  entry8a.o ABSOLUTE
    ../clib/microlib/longlong.c              0x00000000   Number         0  llushr.o ABSOLUTE
    ../clib/microlib/string/memcpy.c         0x00000000   Number         0  memcpyb.o ABSOLUTE
    ../clib/microlib/string/memcpy.c         0x00000000   Number         0  memcpya.o ABSOLUTE
    ../clib/microlib/string/memset.c         0x00000000   Number         0  memseta.o ABSOLUTE
    ../clib/microlib/string/strlen.c         0x00000000   Number         0  strlen.o ABSOLUTE
    ..\Drivers\STM32F3xx_HAL_Driver\Src\stm32f3xx_hal.c 0x00000000   Number         0  stm32f3xx_hal.o ABSOLUTE
    ..\Drivers\STM32F3xx_HAL_Driver\Src\stm32f3xx_hal_cortex.c 0x00000000   Number         0  stm32f3xx_hal_cortex.o ABSOLUTE
    ..\Drivers\STM32F3xx_HAL_Driver\Src\stm32f3xx_hal_dma.c 0x00000000   Number         0  stm32f3xx_hal_dma.o ABSOLUTE
    ..\Drivers\STM32F3xx_HAL_Driver\Src\stm32f3xx_hal_flash.c 0x00000000   Number         0  stm32f3xx_hal_flash.o ABSOLUTE
    ..\Drivers\STM32F3xx_HAL_Driver\Src\stm32f3xx_hal_flash_ex.c 0x00000000   Number         0  stm32f3xx_hal_flash_ex.o ABSOLUTE
    ..\Drivers\STM32F3xx_HAL_Driver\Src\stm32f3xx_hal_gpio.c 0x00000000   Number         0  stm32f3xx_hal_gpio.o ABSOLUTE
    ..\Drivers\STM32F3xx_HAL_Driver\Src\stm32f3xx_hal_i2c.c 0x00000000   Number         0  stm32f3xx_hal_i2c.o ABSOLUTE
    ..\Drivers\STM32F3xx_HAL_Driver\Src\stm32f3xx_hal_i2c_ex.c 0x00000000   Number         0  stm32f3xx_hal_i2c_ex.o ABSOLUTE
    ..\Drivers\STM32F3xx_HAL_Driver\Src\stm32f3xx_hal_pwr.c 0x00000000   Number         0  stm32f3xx_hal_pwr.o ABSOLUTE
    ..\Drivers\STM32F3xx_HAL_Driver\Src\stm32f3xx_hal_pwr_ex.c 0x00000000   Number         0  stm32f3xx_hal_pwr_ex.o ABSOLUTE
    ..\Drivers\STM32F3xx_HAL_Driver\Src\stm32f3xx_hal_rcc.c 0x00000000   Number         0  stm32f3xx_hal_rcc.o ABSOLUTE
    ..\Drivers\STM32F3xx_HAL_Driver\Src\stm32f3xx_hal_rcc_ex.c 0x00000000   Number         0  stm32f3xx_hal_rcc_ex.o ABSOLUTE
    ..\Drivers\STM32F3xx_HAL_Driver\Src\stm32f3xx_hal_tim.c 0x00000000   Number         0  stm32f3xx_hal_tim.o ABSOLUTE
    ..\Drivers\STM32F3xx_HAL_Driver\Src\stm32f3xx_hal_tim_ex.c 0x00000000   Number         0  stm32f3xx_hal_tim_ex.o ABSOLUTE
    ..\Src\AsciiLib.c                        0x00000000   Number         0  asciilib.o ABSOLUTE
    ..\Src\HzLib.c                           0x00000000   Number         0  hzlib.o ABSOLUTE
    ..\Src\LCD.c                             0x00000000   Number         0  lcd.o ABSOLUTE
    ..\Src\gpio.c                            0x00000000   Number         0  gpio.o ABSOLUTE
    ..\Src\main.c                            0x00000000   Number         0  main.o ABSOLUTE
    ..\Src\stm32f3xx_hal_msp.c               0x00000000   Number         0  stm32f3xx_hal_msp.o ABSOLUTE
    ..\Src\stm32f3xx_it.c                    0x00000000   Number         0  stm32f3xx_it.o ABSOLUTE
    ..\Src\system_stm32f3xx.c                0x00000000   Number         0  system_stm32f3xx.o ABSOLUTE
    ..\\Src\\AsciiLib.c                      0x00000000   Number         0  asciilib.o ABSOLUTE
    ..\\Src\\LCD.c                           0x00000000   Number         0  lcd.o ABSOLUTE
    dc.s                                     0x00000000   Number         0  dc.o ABSOLUTE
    handlers.s                               0x00000000   Number         0  handlers.o ABSOLUTE
    init.s                                   0x00000000   Number         0  init.o ABSOLUTE
    startup_stm32f303xc.s                    0x00000000   Number         0  startup_stm32f303xc.o ABSOLUTE
    RESET                                    0x08000000   Section      392  startup_stm32f303xc.o(RESET)
    .ARM.Collect$$$$00000000                 0x08000188   Section        0  entry.o(.ARM.Collect$$$$00000000)
    .ARM.Collect$$$$00000001                 0x08000188   Section        4  entry2.o(.ARM.Collect$$$$00000001)
    .ARM.Collect$$$$00000004                 0x0800018c   Section        4  entry5.o(.ARM.Collect$$$$00000004)
    .ARM.Collect$$$$00000008                 0x08000190   Section        0  entry7b.o(.ARM.Collect$$$$00000008)
    .ARM.Collect$$$$0000000A                 0x08000190   Section        0  entry8b.o(.ARM.Collect$$$$0000000A)
    .ARM.Collect$$$$0000000B                 0x08000190   Section        8  entry9a.o(.ARM.Collect$$$$0000000B)
    .ARM.Collect$$$$0000000D                 0x08000198   Section        0  entry10a.o(.ARM.Collect$$$$0000000D)
    .ARM.Collect$$$$0000000F                 0x08000198   Section        0  entry11a.o(.ARM.Collect$$$$0000000F)
    .ARM.Collect$$$$00002712                 0x08000198   Section        4  entry2.o(.ARM.Collect$$$$00002712)
    __lit__00000000                          0x08000198   Data           4  entry2.o(.ARM.Collect$$$$00002712)
    .text                                    0x0800019c   Section       36  startup_stm32f303xc.o(.text)
    $v0                                      0x0800019c   Number         0  startup_stm32f303xc.o(.text)
    .text                                    0x080001c0   Section        0  memcpya.o(.text)
    .text                                    0x080001e4   Section        0  strlen.o(.text)
    .text                                    0x080001f4   Section       36  init.o(.text)
    i.GUI_Text                               0x08000218   Section        0  lcd.o(i.GUI_Text)
    i.GetASCIICode                           0x0800026c   Section        0  asciilib.o(i.GetASCIICode)
    i.HAL_Delay                              0x08000298   Section        0  stm32f3xx_hal.o(i.HAL_Delay)
    i.HAL_GPIO_Init                          0x080002b0   Section        0  stm32f3xx_hal_gpio.o(i.HAL_GPIO_Init)
    i.HAL_GPIO_WritePin                      0x08000438   Section        0  stm32f3xx_hal_gpio.o(i.HAL_GPIO_WritePin)
    i.HAL_GetTick                            0x08000444   Section        0  stm32f3xx_hal.o(i.HAL_GetTick)
    i.HAL_IncTick                            0x08000450   Section        0  stm32f3xx_hal.o(i.HAL_IncTick)
    i.HAL_Init                               0x08000460   Section        0  stm32f3xx_hal.o(i.HAL_Init)
    i.HAL_InitTick                           0x08000484   Section        0  stm32f3xx_hal.o(i.HAL_InitTick)
    i.HAL_MspInit                            0x080004ac   Section        0  stm32f3xx_hal_msp.o(i.HAL_MspInit)
    i.HAL_NVIC_SetPriority                   0x0800051c   Section        0  stm32f3xx_hal_cortex.o(i.HAL_NVIC_SetPriority)
    i.HAL_NVIC_SetPriorityGrouping           0x0800055c   Section        0  stm32f3xx_hal_cortex.o(i.HAL_NVIC_SetPriorityGrouping)
    i.HAL_RCC_ClockConfig                    0x08000580   Section        0  stm32f3xx_hal_rcc.o(i.HAL_RCC_ClockConfig)
    i.HAL_RCC_GetHCLKFreq                    0x08000708   Section        0  stm32f3xx_hal_rcc.o(i.HAL_RCC_GetHCLKFreq)
    i.HAL_RCC_GetSysClockFreq                0x08000714   Section        0  stm32f3xx_hal_rcc.o(i.HAL_RCC_GetSysClockFreq)
    i.HAL_RCC_OscConfig                      0x08000778   Section        0  stm32f3xx_hal_rcc.o(i.HAL_RCC_OscConfig)
    i.HAL_SYSTICK_CLKSourceConfig            0x08000d24   Section        0  stm32f3xx_hal_cortex.o(i.HAL_SYSTICK_CLKSourceConfig)
    i.HAL_SYSTICK_Callback                   0x08000d3c   Section        0  stm32f3xx_hal_cortex.o(i.HAL_SYSTICK_Callback)
    i.HAL_SYSTICK_Config                     0x08000d3e   Section        0  stm32f3xx_hal_cortex.o(i.HAL_SYSTICK_Config)
    i.HAL_SYSTICK_IRQHandler                 0x08000d66   Section        0  stm32f3xx_hal_cortex.o(i.HAL_SYSTICK_IRQHandler)
    i.LCD_Clear                              0x08000d70   Section        0  lcd.o(i.LCD_Clear)
    i.LCD_Configuration                      0x08000e00   Section        0  main.o(i.LCD_Configuration)
    i.LCD_Initializtion                      0x08000fc0   Section        0  lcd.o(i.LCD_Initializtion)
    i.LCD_ReadData                           0x080025e8   Section        0  lcd.o(i.LCD_ReadData)
    i.LCD_ReadReg                            0x0800264c   Section        0  lcd.o(i.LCD_ReadReg)
    i.LCD_SetCursor                          0x0800266c   Section        0  lcd.o(i.LCD_SetCursor)
    LCD_SetCursor                            0x0800266d   Thumb Code    44  lcd.o(i.LCD_SetCursor)
    i.LCD_SetPoint                           0x0800269c   Section        0  lcd.o(i.LCD_SetPoint)
    i.LCD_WriteData                          0x080026bc   Section        0  lcd.o(i.LCD_WriteData)
    i.LCD_WriteIndex                         0x080026f0   Section        0  lcd.o(i.LCD_WriteIndex)
    i.LCD_WriteReg                           0x08002728   Section        0  lcd.o(i.LCD_WriteReg)
    i.MX_GPIO_Init                           0x0800274c   Section        0  gpio.o(i.MX_GPIO_Init)
    i.NVIC_SetPriority                       0x08002804   Section        0  stm32f3xx_hal_cortex.o(i.NVIC_SetPriority)
    NVIC_SetPriority                         0x08002805   Thumb Code    32  stm32f3xx_hal_cortex.o(i.NVIC_SetPriority)
    i.PutChar                                0x08002824   Section        0  lcd.o(i.PutChar)
    i.SysTick_Handler                        0x0800287a   Section        0  stm32f3xx_it.o(i.SysTick_Handler)
    i.SystemClock_Config                     0x08002888   Section        0  main.o(i.SystemClock_Config)
    i.SystemInit                             0x080028f0   Section        0  system_stm32f3xx.o(i.SystemInit)
    i.__scatterload_copy                     0x08002958   Section       14  handlers.o(i.__scatterload_copy)
    i.__scatterload_null                     0x08002966   Section        2  handlers.o(i.__scatterload_null)
    i.__scatterload_zeroinit                 0x08002968   Section       14  handlers.o(i.__scatterload_zeroinit)
    i.convert                                0x08002978   Section        0  lcd.o(i.convert)
    i.isLatin                                0x080029b8   Section        0  lcd.o(i.isLatin)
    i.isValueInAlphabet                      0x080029c4   Section        0  lcd.o(i.isValueInAlphabet)
    i.main                                   0x08002ce0   Section        0  main.o(i.main)
    .constdata                               0x08002d7c   Section       16  system_stm32f3xx.o(.constdata)
    .constdata                               0x08002d8c   Section       32  stm32f3xx_hal_rcc.o(.constdata)
    .constdata                               0x08002dac   Section     2544  asciilib.o(.constdata)
    LatinAsciiLib                            0x08002dac   Data        1520  asciilib.o(.constdata)
    CyrillicAsciiLib                         0x0800339c   Data        1024  asciilib.o(.constdata)
    .constdata                               0x0800379c   Section      256  lcd.o(.constdata)
    .conststring                             0x0800389c   Section      255  lcd.o(.conststring)
    .data                                    0x20000000   Section        4  system_stm32f3xx.o(.data)
    .data                                    0x20000004   Section        4  stm32f3xx_hal.o(.data)
    .data                                    0x20000008   Section        1  lcd.o(.data)
    LCD_Code                                 0x20000008   Data           1  lcd.o(.data)
    .bss                                     0x2000000c   Section      100  lcd.o(.bss)
    codes                                    0x2000000c   Data         100  lcd.o(.bss)
    STACK                                    0x20000070   Section     1024  startup_stm32f303xc.o(STACK)

    Global Symbols

    Symbol Name                              Value     Ov Type        Size  Object(Section)

    BuildAttributes$$THM_ISAv4$E$P$D$K$B$S$7EM$VFPi3$EXTD16$VFPS$VFMA$PE$A:L22UL41UL21$X:L11$S22US41US21$IEEE1$IW$USESV6$~STKCKD$USESV7$~SHL$OSPACE$EBA8$MICROLIB$REQ8$PRES8$EABIv2 0x00000000   Number         0  anon$$obj.o ABSOLUTE
    __ARM_use_no_argv                        0x00000000   Number         0  main.o ABSOLUTE
    __cpp_initialize__aeabi_                  - Undefined Weak Reference
    __cxa_finalize                            - Undefined Weak Reference
    __decompress                              - Undefined Weak Reference
    _clock_init                               - Undefined Weak Reference
    _microlib_exit                            - Undefined Weak Reference
    __Vectors_Size                           0x00000188   Number         0  startup_stm32f303xc.o ABSOLUTE
    __Vectors                                0x08000000   Data           4  startup_stm32f303xc.o(RESET)
    __Vectors_End                            0x08000188   Data           0  startup_stm32f303xc.o(RESET)
    __main                                   0x08000189   Thumb Code     0  entry.o(.ARM.Collect$$$$00000000)
    _main_stk                                0x08000189   Thumb Code     0  entry2.o(.ARM.Collect$$$$00000001)
    _main_scatterload                        0x0800018d   Thumb Code     0  entry5.o(.ARM.Collect$$$$00000004)
    __main_after_scatterload                 0x08000191   Thumb Code     0  entry5.o(.ARM.Collect$$$$00000004)
    _main_clock                              0x08000191   Thumb Code     0  entry7b.o(.ARM.Collect$$$$00000008)
    _main_cpp_init                           0x08000191   Thumb Code     0  entry8b.o(.ARM.Collect$$$$0000000A)
    _main_init                               0x08000191   Thumb Code     0  entry9a.o(.ARM.Collect$$$$0000000B)
    __rt_final_cpp                           0x08000199   Thumb Code     0  entry10a.o(.ARM.Collect$$$$0000000D)
    __rt_final_exit                          0x08000199   Thumb Code     0  entry11a.o(.ARM.Collect$$$$0000000F)
    Reset_Handler                            0x0800019d   Thumb Code     8  startup_stm32f303xc.o(.text)
    NMI_Handler                              0x080001a5   Thumb Code     2  startup_stm32f303xc.o(.text)
    HardFault_Handler                        0x080001a7   Thumb Code     2  startup_stm32f303xc.o(.text)
    MemManage_Handler                        0x080001a9   Thumb Code     2  startup_stm32f303xc.o(.text)
    BusFault_Handler                         0x080001ab   Thumb Code     2  startup_stm32f303xc.o(.text)
    UsageFault_Handler                       0x080001ad   Thumb Code     2  startup_stm32f303xc.o(.text)
    SVC_Handler                              0x080001af   Thumb Code     2  startup_stm32f303xc.o(.text)
    DebugMon_Handler                         0x080001b1   Thumb Code     2  startup_stm32f303xc.o(.text)
    PendSV_Handler                           0x080001b3   Thumb Code     2  startup_stm32f303xc.o(.text)
    ADC1_2_IRQHandler                        0x080001b7   Thumb Code     0  startup_stm32f303xc.o(.text)
    ADC3_IRQHandler                          0x080001b7   Thumb Code     0  startup_stm32f303xc.o(.text)
    ADC4_IRQHandler                          0x080001b7   Thumb Code     0  startup_stm32f303xc.o(.text)
    CAN_RX1_IRQHandler                       0x080001b7   Thumb Code     0  startup_stm32f303xc.o(.text)
    CAN_SCE_IRQHandler                       0x080001b7   Thumb Code     0  startup_stm32f303xc.o(.text)
    COMP1_2_3_IRQHandler                     0x080001b7   Thumb Code     0  startup_stm32f303xc.o(.text)
    COMP4_5_6_IRQHandler                     0x080001b7   Thumb Code     0  startup_stm32f303xc.o(.text)
    COMP7_IRQHandler                         0x080001b7   Thumb Code     0  startup_stm32f303xc.o(.text)
    DMA1_Channel1_IRQHandler                 0x080001b7   Thumb Code     0  startup_stm32f303xc.o(.text)
    DMA1_Channel2_IRQHandler                 0x080001b7   Thumb Code     0  startup_stm32f303xc.o(.text)
    DMA1_Channel3_IRQHandler                 0x080001b7   Thumb Code     0  startup_stm32f303xc.o(.text)
    DMA1_Channel4_IRQHandler                 0x080001b7   Thumb Code     0  startup_stm32f303xc.o(.text)
    DMA1_Channel5_IRQHandler                 0x080001b7   Thumb Code     0  startup_stm32f303xc.o(.text)
    DMA1_Channel6_IRQHandler                 0x080001b7   Thumb Code     0  startup_stm32f303xc.o(.text)
    DMA1_Channel7_IRQHandler                 0x080001b7   Thumb Code     0  startup_stm32f303xc.o(.text)
    DMA2_Channel1_IRQHandler                 0x080001b7   Thumb Code     0  startup_stm32f303xc.o(.text)
    DMA2_Channel2_IRQHandler                 0x080001b7   Thumb Code     0  startup_stm32f303xc.o(.text)
    DMA2_Channel3_IRQHandler                 0x080001b7   Thumb Code     0  startup_stm32f303xc.o(.text)
    DMA2_Channel4_IRQHandler                 0x080001b7   Thumb Code     0  startup_stm32f303xc.o(.text)
    DMA2_Channel5_IRQHandler                 0x080001b7   Thumb Code     0  startup_stm32f303xc.o(.text)
    EXTI0_IRQHandler                         0x080001b7   Thumb Code     0  startup_stm32f303xc.o(.text)
    EXTI15_10_IRQHandler                     0x080001b7   Thumb Code     0  startup_stm32f303xc.o(.text)
    EXTI1_IRQHandler                         0x080001b7   Thumb Code     0  startup_stm32f303xc.o(.text)
    EXTI2_TSC_IRQHandler                     0x080001b7   Thumb Code     0  startup_stm32f303xc.o(.text)
    EXTI3_IRQHandler                         0x080001b7   Thumb Code     0  startup_stm32f303xc.o(.text)
    EXTI4_IRQHandler                         0x080001b7   Thumb Code     0  startup_stm32f303xc.o(.text)
    EXTI9_5_IRQHandler                       0x080001b7   Thumb Code     0  startup_stm32f303xc.o(.text)
    FLASH_IRQHandler                         0x080001b7   Thumb Code     0  startup_stm32f303xc.o(.text)
    FPU_IRQHandler                           0x080001b7   Thumb Code     0  startup_stm32f303xc.o(.text)
    I2C1_ER_IRQHandler                       0x080001b7   Thumb Code     0  startup_stm32f303xc.o(.text)
    I2C1_EV_IRQHandler                       0x080001b7   Thumb Code     0  startup_stm32f303xc.o(.text)
    I2C2_ER_IRQHandler                       0x080001b7   Thumb Code     0  startup_stm32f303xc.o(.text)
    I2C2_EV_IRQHandler                       0x080001b7   Thumb Code     0  startup_stm32f303xc.o(.text)
    PVD_IRQHandler                           0x080001b7   Thumb Code     0  startup_stm32f303xc.o(.text)
    RCC_IRQHandler                           0x080001b7   Thumb Code     0  startup_stm32f303xc.o(.text)
    RTC_Alarm_IRQHandler                     0x080001b7   Thumb Code     0  startup_stm32f303xc.o(.text)
    RTC_WKUP_IRQHandler                      0x080001b7   Thumb Code     0  startup_stm32f303xc.o(.text)
    SPI1_IRQHandler                          0x080001b7   Thumb Code     0  startup_stm32f303xc.o(.text)
    SPI2_IRQHandler                          0x080001b7   Thumb Code     0  startup_stm32f303xc.o(.text)
    SPI3_IRQHandler                          0x080001b7   Thumb Code     0  startup_stm32f303xc.o(.text)
    TAMP_STAMP_IRQHandler                    0x080001b7   Thumb Code     0  startup_stm32f303xc.o(.text)
    TIM1_BRK_TIM15_IRQHandler                0x080001b7   Thumb Code     0  startup_stm32f303xc.o(.text)
    TIM1_CC_IRQHandler                       0x080001b7   Thumb Code     0  startup_stm32f303xc.o(.text)
    TIM1_TRG_COM_TIM17_IRQHandler            0x080001b7   Thumb Code     0  startup_stm32f303xc.o(.text)
    TIM1_UP_TIM16_IRQHandler                 0x080001b7   Thumb Code     0  startup_stm32f303xc.o(.text)
    TIM2_IRQHandler                          0x080001b7   Thumb Code     0  startup_stm32f303xc.o(.text)
    TIM3_IRQHandler                          0x080001b7   Thumb Code     0  startup_stm32f303xc.o(.text)
    TIM4_IRQHandler                          0x080001b7   Thumb Code     0  startup_stm32f303xc.o(.text)
    TIM6_DAC_IRQHandler                      0x080001b7   Thumb Code     0  startup_stm32f303xc.o(.text)
    TIM7_IRQHandler                          0x080001b7   Thumb Code     0  startup_stm32f303xc.o(.text)
    TIM8_BRK_IRQHandler                      0x080001b7   Thumb Code     0  startup_stm32f303xc.o(.text)
    TIM8_CC_IRQHandler                       0x080001b7   Thumb Code     0  startup_stm32f303xc.o(.text)
    TIM8_TRG_COM_IRQHandler                  0x080001b7   Thumb Code     0  startup_stm32f303xc.o(.text)
    TIM8_UP_IRQHandler                       0x080001b7   Thumb Code     0  startup_stm32f303xc.o(.text)
    UART4_IRQHandler                         0x080001b7   Thumb Code     0  startup_stm32f303xc.o(.text)
    UART5_IRQHandler                         0x080001b7   Thumb Code     0  startup_stm32f303xc.o(.text)
    USART1_IRQHandler                        0x080001b7   Thumb Code     0  startup_stm32f303xc.o(.text)
    USART2_IRQHandler                        0x080001b7   Thumb Code     0  startup_stm32f303xc.o(.text)
    USART3_IRQHandler                        0x080001b7   Thumb Code     0  startup_stm32f303xc.o(.text)
    USBWakeUp_IRQHandler                     0x080001b7   Thumb Code     0  startup_stm32f303xc.o(.text)
    USBWakeUp_RMP_IRQHandler                 0x080001b7   Thumb Code     0  startup_stm32f303xc.o(.text)
    USB_HP_CAN_TX_IRQHandler                 0x080001b7   Thumb Code     0  startup_stm32f303xc.o(.text)
    USB_HP_IRQHandler                        0x080001b7   Thumb Code     0  startup_stm32f303xc.o(.text)
    USB_LP_CAN_RX0_IRQHandler                0x080001b7   Thumb Code     0  startup_stm32f303xc.o(.text)
    USB_LP_IRQHandler                        0x080001b7   Thumb Code     0  startup_stm32f303xc.o(.text)
    WWDG_IRQHandler                          0x080001b7   Thumb Code     0  startup_stm32f303xc.o(.text)
    __aeabi_memcpy                           0x080001c1   Thumb Code    36  memcpya.o(.text)
    __aeabi_memcpy4                          0x080001c1   Thumb Code     0  memcpya.o(.text)
    __aeabi_memcpy8                          0x080001c1   Thumb Code     0  memcpya.o(.text)
    strlen                                   0x080001e5   Thumb Code    14  strlen.o(.text)
    __scatterload                            0x080001f5   Thumb Code    28  init.o(.text)
    __scatterload_rt2                        0x080001f5   Thumb Code     0  init.o(.text)
    GUI_Text                                 0x08000219   Thumb Code    84  lcd.o(i.GUI_Text)
    GetASCIICode                             0x0800026d   Thumb Code    34  asciilib.o(i.GetASCIICode)
    HAL_Delay                                0x08000299   Thumb Code    22  stm32f3xx_hal.o(i.HAL_Delay)
    HAL_GPIO_Init                            0x080002b1   Thumb Code   364  stm32f3xx_hal_gpio.o(i.HAL_GPIO_Init)
    HAL_GPIO_WritePin                        0x08000439   Thumb Code    10  stm32f3xx_hal_gpio.o(i.HAL_GPIO_WritePin)
    HAL_GetTick                              0x08000445   Thumb Code     6  stm32f3xx_hal.o(i.HAL_GetTick)
    HAL_IncTick                              0x08000451   Thumb Code    10  stm32f3xx_hal.o(i.HAL_IncTick)
    HAL_Init                                 0x08000461   Thumb Code    32  stm32f3xx_hal.o(i.HAL_Init)
    HAL_InitTick                             0x08000485   Thumb Code    34  stm32f3xx_hal.o(i.HAL_InitTick)
    HAL_MspInit                              0x080004ad   Thumb Code   106  stm32f3xx_hal_msp.o(i.HAL_MspInit)
    HAL_NVIC_SetPriority                     0x0800051d   Thumb Code    60  stm32f3xx_hal_cortex.o(i.HAL_NVIC_SetPriority)
    HAL_NVIC_SetPriorityGrouping             0x0800055d   Thumb Code    26  stm32f3xx_hal_cortex.o(i.HAL_NVIC_SetPriorityGrouping)
    HAL_RCC_ClockConfig                      0x08000581   Thumb Code   374  stm32f3xx_hal_rcc.o(i.HAL_RCC_ClockConfig)
    HAL_RCC_GetHCLKFreq                      0x08000709   Thumb Code     6  stm32f3xx_hal_rcc.o(i.HAL_RCC_GetHCLKFreq)
    HAL_RCC_GetSysClockFreq                  0x08000715   Thumb Code    84  stm32f3xx_hal_rcc.o(i.HAL_RCC_GetSysClockFreq)
    HAL_RCC_OscConfig                        0x08000779   Thumb Code  1452  stm32f3xx_hal_rcc.o(i.HAL_RCC_OscConfig)
    HAL_SYSTICK_CLKSourceConfig              0x08000d25   Thumb Code    24  stm32f3xx_hal_cortex.o(i.HAL_SYSTICK_CLKSourceConfig)
    HAL_SYSTICK_Callback                     0x08000d3d   Thumb Code     2  stm32f3xx_hal_cortex.o(i.HAL_SYSTICK_Callback)
    HAL_SYSTICK_Config                       0x08000d3f   Thumb Code    40  stm32f3xx_hal_cortex.o(i.HAL_SYSTICK_Config)
    HAL_SYSTICK_IRQHandler                   0x08000d67   Thumb Code     8  stm32f3xx_hal_cortex.o(i.HAL_SYSTICK_IRQHandler)
    LCD_Clear                                0x08000d71   Thumb Code   134  lcd.o(i.LCD_Clear)
    LCD_Configuration                        0x08000e01   Thumb Code   430  main.o(i.LCD_Configuration)
    LCD_Initializtion                        0x08000fc1   Thumb Code  5670  lcd.o(i.LCD_Initializtion)
    LCD_ReadData                             0x080025e9   Thumb Code    92  lcd.o(i.LCD_ReadData)
    LCD_ReadReg                              0x0800264d   Thumb Code    26  lcd.o(i.LCD_ReadReg)
    LCD_SetPoint                             0x0800269d   Thumb Code    32  lcd.o(i.LCD_SetPoint)
    LCD_WriteData                            0x080026bd   Thumb Code    42  lcd.o(i.LCD_WriteData)
    LCD_WriteIndex                           0x080026f1   Thumb Code    46  lcd.o(i.LCD_WriteIndex)
    LCD_WriteReg                             0x08002729   Thumb Code    30  lcd.o(i.LCD_WriteReg)
    MX_GPIO_Init                             0x0800274d   Thumb Code   176  gpio.o(i.MX_GPIO_Init)
    PutChar                                  0x08002825   Thumb Code    86  lcd.o(i.PutChar)
    SysTick_Handler                          0x0800287b   Thumb Code    14  stm32f3xx_it.o(i.SysTick_Handler)
    SystemClock_Config                       0x08002889   Thumb Code   102  main.o(i.SystemClock_Config)
    SystemInit                               0x080028f1   Thumb Code    82  system_stm32f3xx.o(i.SystemInit)
    __scatterload_copy                       0x08002959   Thumb Code    14  handlers.o(i.__scatterload_copy)
    __scatterload_null                       0x08002967   Thumb Code     2  handlers.o(i.__scatterload_null)
    __scatterload_zeroinit                   0x08002969   Thumb Code    14  handlers.o(i.__scatterload_zeroinit)
    convert                                  0x08002979   Thumb Code    58  lcd.o(i.convert)
    isLatin                                  0x080029b9   Thumb Code    12  lcd.o(i.isLatin)
    isValueInAlphabet                        0x080029c5   Thumb Code   792  lcd.o(i.isValueInAlphabet)
    main                                     0x08002ce1   Thumb Code    84  main.o(i.main)
    AHBPrescTable                            0x08002d7c   Data          16  system_stm32f3xx.o(.constdata)
    aPLLMULFactorTable                       0x08002d8c   Data          16  stm32f3xx_hal_rcc.o(.constdata)
    aPredivFactorTable                       0x08002d9c   Data          16  stm32f3xx_hal_rcc.o(.constdata)
    Region$$Table$$Base                      0x0800399c   Number         0  anon$$obj.o(Region$$Table)
    Region$$Table$$Limit                     0x080039bc   Number         0  anon$$obj.o(Region$$Table)
    SystemCoreClock                          0x20000000   Data           4  system_stm32f3xx.o(.data)
    uwTick                                   0x20000004   Data           4  stm32f3xx_hal.o(.data)
    __initial_sp                             0x20000470   Data           0  startup_stm32f303xc.o(STACK)



==============================================================================

Memory Map of the image

  Image Entry point : 0x08000189

  Load Region LR_IROM1 (Base: 0x08000000, Size: 0x000039c8, Max: 0x00040000, ABSOLUTE)

    Execution Region ER_IROM1 (Exec base: 0x08000000, Load base: 0x08000000, Size: 0x000039bc, Max: 0x00040000, ABSOLUTE)

    Exec Addr    Load Addr    Size         Type   Attr      Idx    E Section Name        Object

    0x08000000   0x08000000   0x00000188   Data   RO         1558    RESET               startup_stm32f303xc.o
    0x08000188   0x08000188   0x00000000   Code   RO         1878  * .ARM.Collect$$$$00000000  mc_w.l(entry.o)
    0x08000188   0x08000188   0x00000004   Code   RO         1891    .ARM.Collect$$$$00000001  mc_w.l(entry2.o)
    0x0800018c   0x0800018c   0x00000004   Code   RO         1894    .ARM.Collect$$$$00000004  mc_w.l(entry5.o)
    0x08000190   0x08000190   0x00000000   Code   RO         1896    .ARM.Collect$$$$00000008  mc_w.l(entry7b.o)
    0x08000190   0x08000190   0x00000000   Code   RO         1898    .ARM.Collect$$$$0000000A  mc_w.l(entry8b.o)
    0x08000190   0x08000190   0x00000008   Code   RO         1899    .ARM.Collect$$$$0000000B  mc_w.l(entry9a.o)
    0x08000198   0x08000198   0x00000000   Code   RO         1901    .ARM.Collect$$$$0000000D  mc_w.l(entry10a.o)
    0x08000198   0x08000198   0x00000000   Code   RO         1903    .ARM.Collect$$$$0000000F  mc_w.l(entry11a.o)
    0x08000198   0x08000198   0x00000004   Code   RO         1892    .ARM.Collect$$$$00002712  mc_w.l(entry2.o)
    0x0800019c   0x0800019c   0x00000024   Code   RO         1559    .text               startup_stm32f303xc.o
    0x080001c0   0x080001c0   0x00000024   Code   RO         1883    .text               mc_w.l(memcpya.o)
    0x080001e4   0x080001e4   0x0000000e   Code   RO         1887    .text               mc_w.l(strlen.o)
    0x080001f2   0x080001f2   0x00000002   PAD
    0x080001f4   0x080001f4   0x00000024   Code   RO         1905    .text               mc_w.l(init.o)
    0x08000218   0x08000218   0x00000054   Code   RO         1758    i.GUI_Text          lcd.o
    0x0800026c   0x0800026c   0x0000002c   Code   RO         1705    i.GetASCIICode      asciilib.o
    0x08000298   0x08000298   0x00000016   Code   RO         1431    i.HAL_Delay         stm32f3xx_hal.o
    0x080002ae   0x080002ae   0x00000002   PAD
    0x080002b0   0x080002b0   0x00000188   Code   RO          604    i.HAL_GPIO_Init     stm32f3xx_hal_gpio.o
    0x08000438   0x08000438   0x0000000a   Code   RO          608    i.HAL_GPIO_WritePin  stm32f3xx_hal_gpio.o
    0x08000442   0x08000442   0x00000002   PAD
    0x08000444   0x08000444   0x0000000c   Code   RO         1435    i.HAL_GetTick       stm32f3xx_hal.o
    0x08000450   0x08000450   0x00000010   Code   RO         1436    i.HAL_IncTick       stm32f3xx_hal.o
    0x08000460   0x08000460   0x00000024   Code   RO         1437    i.HAL_Init          stm32f3xx_hal.o
    0x08000484   0x08000484   0x00000028   Code   RO         1438    i.HAL_InitTick      stm32f3xx_hal.o
    0x080004ac   0x080004ac   0x00000070   Code   RO         1630    i.HAL_MspInit       stm32f3xx_hal_msp.o
    0x0800051c   0x0800051c   0x00000040   Code   RO          245    i.HAL_NVIC_SetPriority  stm32f3xx_hal_cortex.o
    0x0800055c   0x0800055c   0x00000024   Code   RO          246    i.HAL_NVIC_SetPriorityGrouping  stm32f3xx_hal_cortex.o
    0x08000580   0x08000580   0x00000188   Code   RO          497    i.HAL_RCC_ClockConfig  stm32f3xx_hal_rcc.o
    0x08000708   0x08000708   0x0000000c   Code   RO          502    i.HAL_RCC_GetHCLKFreq  stm32f3xx_hal_rcc.o
    0x08000714   0x08000714   0x00000064   Code   RO          506    i.HAL_RCC_GetSysClockFreq  stm32f3xx_hal_rcc.o
    0x08000778   0x08000778   0x000005ac   Code   RO          509    i.HAL_RCC_OscConfig  stm32f3xx_hal_rcc.o
    0x08000d24   0x08000d24   0x00000018   Code   RO          248    i.HAL_SYSTICK_CLKSourceConfig  stm32f3xx_hal_cortex.o
    0x08000d3c   0x08000d3c   0x00000002   Code   RO          249    i.HAL_SYSTICK_Callback  stm32f3xx_hal_cortex.o
    0x08000d3e   0x08000d3e   0x00000028   Code   RO          250    i.HAL_SYSTICK_Config  stm32f3xx_hal_cortex.o
    0x08000d66   0x08000d66   0x00000008   Code   RO          251    i.HAL_SYSTICK_IRQHandler  stm32f3xx_hal_cortex.o
    0x08000d6e   0x08000d6e   0x00000002   PAD
    0x08000d70   0x08000d70   0x00000090   Code   RO         1759    i.LCD_Clear         lcd.o
    0x08000e00   0x08000e00   0x000001c0   Code   RO         1568    i.LCD_Configuration  main.o
    0x08000fc0   0x08000fc0   0x00001626   Code   RO         1762    i.LCD_Initializtion  lcd.o
    0x080025e6   0x080025e6   0x00000002   PAD
    0x080025e8   0x080025e8   0x00000064   Code   RO         1763    i.LCD_ReadData      lcd.o
    0x0800264c   0x0800264c   0x00000020   Code   RO         1764    i.LCD_ReadReg       lcd.o
    0x0800266c   0x0800266c   0x00000030   Code   RO         1765    i.LCD_SetCursor     lcd.o
    0x0800269c   0x0800269c   0x00000020   Code   RO         1766    i.LCD_SetPoint      lcd.o
    0x080026bc   0x080026bc   0x00000034   Code   RO         1767    i.LCD_WriteData     lcd.o
    0x080026f0   0x080026f0   0x00000038   Code   RO         1768    i.LCD_WriteIndex    lcd.o
    0x08002728   0x08002728   0x00000024   Code   RO         1769    i.LCD_WriteReg      lcd.o
    0x0800274c   0x0800274c   0x000000b8   Code   RO         1681    i.MX_GPIO_Init      gpio.o
    0x08002804   0x08002804   0x00000020   Code   RO          252    i.NVIC_SetPriority  stm32f3xx_hal_cortex.o
    0x08002824   0x08002824   0x00000056   Code   RO         1770    i.PutChar           lcd.o
    0x0800287a   0x0800287a   0x0000000e   Code   RO         1654    i.SysTick_Handler   stm32f3xx_it.o
    0x08002888   0x08002888   0x00000066   Code   RO         1569    i.SystemClock_Config  main.o
    0x080028ee   0x080028ee   0x00000002   PAD
    0x080028f0   0x080028f0   0x00000068   Code   RO            5    i.SystemInit        system_stm32f3xx.o
    0x08002958   0x08002958   0x0000000e   Code   RO         1909    i.__scatterload_copy  mc_w.l(handlers.o)
    0x08002966   0x08002966   0x00000002   Code   RO         1910    i.__scatterload_null  mc_w.l(handlers.o)
    0x08002968   0x08002968   0x0000000e   Code   RO         1911    i.__scatterload_zeroinit  mc_w.l(handlers.o)
    0x08002976   0x08002976   0x00000002   PAD
    0x08002978   0x08002978   0x00000040   Code   RO         1771    i.convert           lcd.o
    0x080029b8   0x080029b8   0x0000000c   Code   RO         1773    i.isLatin           lcd.o
    0x080029c4   0x080029c4   0x0000031c   Code   RO         1774    i.isValueInAlphabet  lcd.o
    0x08002ce0   0x08002ce0   0x0000009c   Code   RO         1570    i.main              main.o
    0x08002d7c   0x08002d7c   0x00000010   Data   RO            6    .constdata          system_stm32f3xx.o
    0x08002d8c   0x08002d8c   0x00000020   Data   RO          510    .constdata          stm32f3xx_hal_rcc.o
    0x08002dac   0x08002dac   0x000009f0   Data   RO         1706    .constdata          asciilib.o
    0x0800379c   0x0800379c   0x00000100   Data   RO         1776    .constdata          lcd.o
    0x0800389c   0x0800389c   0x000000ff   Data   RO         1777    .conststring        lcd.o
    0x0800399b   0x0800399b   0x00000001   PAD
    0x0800399c   0x0800399c   0x00000020   Data   RO         1907    Region$$Table       anon$$obj.o


    Execution Region RW_IRAM1 (Exec base: 0x20000000, Load base: 0x080039bc, Size: 0x00000470, Max: 0x0000a000, ABSOLUTE)

    Exec Addr    Load Addr    Size         Type   Attr      Idx    E Section Name        Object

    0x20000000   0x080039bc   0x00000004   Data   RW            8    .data               system_stm32f3xx.o
    0x20000004   0x080039c0   0x00000004   Data   RW         1443    .data               stm32f3xx_hal.o
    0x20000008   0x080039c4   0x00000001   Data   RW         1778    .data               lcd.o
    0x20000009   0x080039c5   0x00000003   PAD
    0x2000000c        -       0x00000064   Zero   RW         1775    .bss                lcd.o
    0x20000070        -       0x00000400   Zero   RW         1556    STACK               startup_stm32f303xc.o


==============================================================================

Image component sizes


      Code (inc. data)   RO Data    RW Data    ZI Data      Debug   Object Name

        44         10       2544          0          0       1131   asciilib.o
       184          8          0          0          0       1039   gpio.o
      7212         72        511          1        100      14925   lcd.o
       706         90          0          0          0       2688   main.o
        36          8        392          0       1024        820   startup_stm32f303xc.o
       126         22          0          4          0       3887   stm32f3xx_hal.o
       206         14          0          0          0      31640   stm32f3xx_hal_cortex.o
       402         28          0          0          0       2432   stm32f3xx_hal_gpio.o
       112          6          0          0          0        906   stm32f3xx_hal_msp.o
      1956         52         32          0          0       5222   stm32f3xx_hal_rcc.o
        14          0          0          0          0        514   stm32f3xx_it.o
       104         22         16          4          0     500855   system_stm32f3xx.o

    ----------------------------------------------------------------------
     11112        332       3528         12       1124     566059   Object Totals
         0          0         32          0          0          0   (incl. Generated)
        10          0          1          3          0          0   (incl. Padding)

    ----------------------------------------------------------------------

      Code (inc. data)   RO Data    RW Data    ZI Data      Debug   Library Member Name

         0          0          0          0          0          0   entry.o
         0          0          0          0          0          0   entry10a.o
         0          0          0          0          0          0   entry11a.o
         8          4          0          0          0          0   entry2.o
         4          0          0          0          0          0   entry5.o
         0          0          0          0          0          0   entry7b.o
         0          0          0          0          0          0   entry8b.o
         8          4          0          0          0          0   entry9a.o
        30          0          0          0          0          0   handlers.o
        36          8          0          0          0         68   init.o
        36          0          0          0          0         68   memcpya.o
        14          0          0          0          0         68   strlen.o

    ----------------------------------------------------------------------
       140         16          0          0          0        204   Library Totals
         4          0          0          0          0          0   (incl. Padding)

    ----------------------------------------------------------------------

      Code (inc. data)   RO Data    RW Data    ZI Data      Debug   Library Name

       136         16          0          0          0        204   mc_w.l

    ----------------------------------------------------------------------
       140         16          0          0          0        204   Library Totals

    ----------------------------------------------------------------------

==============================================================================


      Code (inc. data)   RO Data    RW Data    ZI Data      Debug   

     11252        348       3528         12       1124     563067   Grand Totals
     11252        348       3528         12       1124     563067   ELF Image Totals
     11252        348       3528         12          0          0   ROM Totals

==============================================================================

    Total RO  Size (Code + RO Data)                14780 (  14.43kB)
    Total RW  Size (RW Data + ZI Data)              1136 (   1.11kB)
    Total ROM Size (Code + RO Data + RW Data)      14792 (  14.45kB)

==============================================================================

